Archive member included to satisfy reference by file (symbol)

/opt/gcc-arm-none-eabi/bin/../lib/gcc/arm-none-eabi/10.3.1/thumb/v6-m/nofp/libgcc.a(_dvmd_tls.o)
                              CMakeFiles/PraticumII.dir/opt/pico-sdk/src/rp2_common/pico_divider/divider.S.obj (__aeabi_idiv0)
/opt/gcc-arm-none-eabi/bin/../lib/gcc/arm-none-eabi/10.3.1/../../../../arm-none-eabi/lib/thumb/v6-m/nofp/libc.a(lib_a-calloc.o)
                              CMakeFiles/PraticumII.dir/opt/pico-sdk/src/rp2_common/pico_malloc/pico_malloc.c.obj (calloc)
/opt/gcc-arm-none-eabi/bin/../lib/gcc/arm-none-eabi/10.3.1/../../../../arm-none-eabi/lib/thumb/v6-m/nofp/libc.a(lib_a-callocr.o)
                              /opt/gcc-arm-none-eabi/bin/../lib/gcc/arm-none-eabi/10.3.1/../../../../arm-none-eabi/lib/thumb/v6-m/nofp/libc.a(lib_a-calloc.o) (_calloc_r)
/opt/gcc-arm-none-eabi/bin/../lib/gcc/arm-none-eabi/10.3.1/../../../../arm-none-eabi/lib/thumb/v6-m/nofp/libc.a(lib_a-errno.o)
                              /opt/gcc-arm-none-eabi/bin/../lib/gcc/arm-none-eabi/10.3.1/../../../../arm-none-eabi/lib/thumb/v6-m/nofp/libc.a(lib_a-callocr.o) (__errno)
/opt/gcc-arm-none-eabi/bin/../lib/gcc/arm-none-eabi/10.3.1/../../../../arm-none-eabi/lib/thumb/v6-m/nofp/libc.a(lib_a-impure.o)
                              /opt/gcc-arm-none-eabi/bin/../lib/gcc/arm-none-eabi/10.3.1/../../../../arm-none-eabi/lib/thumb/v6-m/nofp/libc.a(lib_a-calloc.o) (_impure_ptr)
/opt/gcc-arm-none-eabi/bin/../lib/gcc/arm-none-eabi/10.3.1/../../../../arm-none-eabi/lib/thumb/v6-m/nofp/libc.a(lib_a-init.o)
                              /opt/gcc-arm-none-eabi/bin/../lib/gcc/arm-none-eabi/10.3.1/../../../../arm-none-eabi/lib/thumb/v6-m/nofp/crt0.o (__libc_init_array)
/opt/gcc-arm-none-eabi/bin/../lib/gcc/arm-none-eabi/10.3.1/../../../../arm-none-eabi/lib/thumb/v6-m/nofp/libc.a(lib_a-malloc.o)
                              CMakeFiles/PraticumII.dir/opt/pico-sdk/src/rp2_common/pico_malloc/pico_malloc.c.obj (malloc)
/opt/gcc-arm-none-eabi/bin/../lib/gcc/arm-none-eabi/10.3.1/../../../../arm-none-eabi/lib/thumb/v6-m/nofp/libc.a(lib_a-mallocr.o)
                              /opt/gcc-arm-none-eabi/bin/../lib/gcc/arm-none-eabi/10.3.1/../../../../arm-none-eabi/lib/thumb/v6-m/nofp/libc.a(lib_a-callocr.o) (_malloc_r)
/opt/gcc-arm-none-eabi/bin/../lib/gcc/arm-none-eabi/10.3.1/../../../../arm-none-eabi/lib/thumb/v6-m/nofp/libc.a(lib_a-mlock.o)
                              /opt/gcc-arm-none-eabi/bin/../lib/gcc/arm-none-eabi/10.3.1/../../../../arm-none-eabi/lib/thumb/v6-m/nofp/libc.a(lib_a-mallocr.o) (__malloc_lock)
/opt/gcc-arm-none-eabi/bin/../lib/gcc/arm-none-eabi/10.3.1/../../../../arm-none-eabi/lib/thumb/v6-m/nofp/libc.a(lib_a-realloc.o)
                              CMakeFiles/PraticumII.dir/opt/pico-sdk/src/rp2_common/pico_malloc/pico_malloc.c.obj (realloc)
/opt/gcc-arm-none-eabi/bin/../lib/gcc/arm-none-eabi/10.3.1/../../../../arm-none-eabi/lib/thumb/v6-m/nofp/libc.a(lib_a-reallocr.o)
                              /opt/gcc-arm-none-eabi/bin/../lib/gcc/arm-none-eabi/10.3.1/../../../../arm-none-eabi/lib/thumb/v6-m/nofp/libc.a(lib_a-realloc.o) (_realloc_r)
/opt/gcc-arm-none-eabi/bin/../lib/gcc/arm-none-eabi/10.3.1/../../../../arm-none-eabi/lib/thumb/v6-m/nofp/libc.a(lib_a-sbrkr.o)
                              /opt/gcc-arm-none-eabi/bin/../lib/gcc/arm-none-eabi/10.3.1/../../../../arm-none-eabi/lib/thumb/v6-m/nofp/libc.a(lib_a-mallocr.o) (_sbrk_r)
/opt/gcc-arm-none-eabi/bin/../lib/gcc/arm-none-eabi/10.3.1/../../../../arm-none-eabi/lib/thumb/v6-m/nofp/libc.a(lib_a-strlen-stub.o)
                              CMakeFiles/PraticumII.dir/opt/pico-sdk/src/rp2_common/pico_stdio/stdio.c.obj (strlen)
/opt/gcc-arm-none-eabi/bin/../lib/gcc/arm-none-eabi/10.3.1/../../../../arm-none-eabi/lib/thumb/v6-m/nofp/libc.a(lib_a-freer.o)
                              /opt/gcc-arm-none-eabi/bin/../lib/gcc/arm-none-eabi/10.3.1/../../../../arm-none-eabi/lib/thumb/v6-m/nofp/libc.a(lib_a-malloc.o) (_free_r)
/opt/gcc-arm-none-eabi/bin/../lib/gcc/arm-none-eabi/10.3.1/../../../../arm-none-eabi/lib/thumb/v6-m/nofp/libc.a(lib_a-lock.o)
                              /opt/gcc-arm-none-eabi/bin/../lib/gcc/arm-none-eabi/10.3.1/../../../../arm-none-eabi/lib/thumb/v6-m/nofp/libc.a(lib_a-mlock.o) (__retarget_lock_acquire_recursive)
/opt/gcc-arm-none-eabi/bin/../lib/gcc/arm-none-eabi/10.3.1/../../../../arm-none-eabi/lib/thumb/v6-m/nofp/libc.a(lib_a-memmove.o)
                              /opt/gcc-arm-none-eabi/bin/../lib/gcc/arm-none-eabi/10.3.1/../../../../arm-none-eabi/lib/thumb/v6-m/nofp/libc.a(lib_a-reallocr.o) (memmove)
/opt/gcc-arm-none-eabi/bin/../lib/gcc/arm-none-eabi/10.3.1/../../../../arm-none-eabi/lib/thumb/v6-m/nofp/libc.a(lib_a-reent.o)
                              /opt/gcc-arm-none-eabi/bin/../lib/gcc/arm-none-eabi/10.3.1/../../../../arm-none-eabi/lib/thumb/v6-m/nofp/libc.a(lib_a-sbrkr.o) (errno)

Discarded input sections

[...]
Memory Configuration

Name             Origin             Length             Attributes
FLASH            0x0000000010000000 0x0000000000200000 xr
RAM              0x0000000020000000 0x0000000000040000 xrw
SCRATCH_X        0x0000000020040000 0x0000000000001000 xrw
SCRATCH_Y        0x0000000020041000 0x0000000000001000 xrw
*default*        0x0000000000000000 0xffffffffffffffff

Linker script and memory map

LOAD /opt/gcc-arm-none-eabi/bin/../lib/gcc/arm-none-eabi/10.3.1/thumb/v6-m/nofp/crti.o
LOAD /opt/gcc-arm-none-eabi/bin/../lib/gcc/arm-none-eabi/10.3.1/thumb/v6-m/nofp/crtbegin.o
LOAD /opt/gcc-arm-none-eabi/bin/../lib/gcc/arm-none-eabi/10.3.1/../../../../arm-none-eabi/lib/thumb/v6-m/nofp/crt0.o

.flash_begin    0x0000000010000000        0x0
                0x0000000010000000                __flash_binary_start = .

.boot2          0x0000000010000000      0x100
                0x0000000010000000                __boot2_start__ = .
 *(.boot2)
 .boot2         0x0000000010000000      0x100 /tmp/cc9schCe.o
                0x0000000010000100                __boot2_end__ = .
                0x0000000000000001                ASSERT (((__boot2_end__ - __boot2_start__) == 0x100), ERROR: Pico second stage bootloader must be 256 bytes in size)

.text           0x0000000010000100     0x7808
                0x0000000010000100                __logical_binary_start = .
 *(.vectors)
 .vectors       0x0000000010000100       0xd4 CMakeFiles/PraticumII.dir/opt/pico-sdk/src/rp2_common/pico_standard_link/crt0.S.obj
                0x0000000010000100                __vectors
                0x0000000010000100                __VECTOR_TABLE
                0x00000000100001c0                isr_invalid
                0x00000000100001c0                __default_isrs_start
                0x00000000100001c2                isr_nmi
                0x00000000100001c4                isr_hardfault
                0x00000000100001c6                isr_svcall
                0x00000000100001c8                isr_pendsv
                0x00000000100001ca                isr_systick
                0x00000000100001cc                isr_irq30
                0x00000000100001cc                __unhandled_user_irq
                0x00000000100001cc                isr_irq13
                0x00000000100001cc                isr_irq27
                0x00000000100001cc                isr_irq31
                0x00000000100001cc                isr_irq5
                0x00000000100001cc                isr_irq11
                0x00000000100001cc                isr_irq23
                0x00000000100001cc                isr_irq18
                0x00000000100001cc                isr_irq28
                0x00000000100001cc                isr_irq19
                0x00000000100001cc                isr_irq0
                0x00000000100001cc                isr_irq6
                0x00000000100001cc                isr_irq22
                0x00000000100001cc                isr_irq17
                0x00000000100001cc                isr_irq14
                0x00000000100001cc                isr_irq2
                0x00000000100001cc                isr_irq10
                0x00000000100001cc                isr_irq8
                0x00000000100001cc                isr_irq24
                0x00000000100001cc                isr_irq1
                0x00000000100001cc                isr_irq7
                0x00000000100001cc                isr_irq21
                0x00000000100001cc                isr_irq20
                0x00000000100001cc                isr_irq15
                0x00000000100001cc                isr_irq25
                0x00000000100001cc                isr_irq4
                0x00000000100001cc                isr_irq16
                0x00000000100001cc                isr_irq29
                0x00000000100001cc                isr_irq26
                0x00000000100001cc                __default_isrs_end
                0x00000000100001cc                isr_irq3
                0x00000000100001cc                isr_irq12
                0x00000000100001cc                isr_irq9
                0x00000000100001d2                unhandled_user_irq_num_in_r0
 *(.binary_info_header)
 .binary_info_header
                0x00000000100001d4       0x14 CMakeFiles/PraticumII.dir/opt/pico-sdk/src/rp2_common/pico_standard_link/crt0.S.obj
                0x00000000100001e8                __binary_info_header_end = .
 *(.reset)
 .reset         0x00000000100001e8       0xa8 CMakeFiles/PraticumII.dir/opt/pico-sdk/src/rp2_common/pico_standard_link/crt0.S.obj
                0x00000000100001e8                _entry_point
                0x0000000010000266                __get_current_exception
 .reset         0x0000000010000290       0x30 CMakeFiles/PraticumII.dir/opt/pico-sdk/src/rp2_common/pico_standard_link/binary_info.c.obj
 *(.init)
 .init          0x00000000100002c0        0x4 /opt/gcc-arm-none-eabi/bin/../lib/gcc/arm-none-eabi/10.3.1/thumb/v6-m/nofp/crti.o
                0x00000000100002c0                _init
 *(EXCLUDE_FILE(*libm.a: *libc.a:*lib_a-mem*.o *libgcc.a:) .text*)
 .text          0x00000000100002c4       0x48 /opt/gcc-arm-none-eabi/bin/../lib/gcc/arm-none-eabi/10.3.1/thumb/v6-m/nofp/crtbegin.o
 .text.gpio_callback_delay
                0x000000001000030c       0x24 CMakeFiles/PraticumII.dir/main.c.obj
                0x000000001000030c                gpio_callback_delay
 .text.gpio_callback_press
                0x0000000010000330       0x1c CMakeFiles/PraticumII.dir/main.c.obj
                0x0000000010000330                gpio_callback_press
 .text.gpio_callback_release
                0x000000001000034c       0x1c CMakeFiles/PraticumII.dir/main.c.obj
                0x000000001000034c                gpio_callback_release
 .text.set_io   0x0000000010000368       0x70 CMakeFiles/PraticumII.dir/main.c.obj
                0x0000000010000368                set_io
 .text.test_hw  0x00000000100003d8      0x1a8 CMakeFiles/PraticumII.dir/main.c.obj
                0x00000000100003d8                test_hw
 .text.run      0x0000000010000580      0x144 CMakeFiles/PraticumII.dir/main.c.obj
                0x0000000010000580                run
 .text.startup.main
                0x00000000100006c4       0x30 CMakeFiles/PraticumII.dir/main.c.obj
                0x00000000100006c4                main
 .text.gpio_default_irq_handler
                0x00000000100006f4      0x248 CMakeFiles/PraticumII.dir/opt/pico-sdk/src/rp2_common/hardware_gpio/gpio.c.obj
 .text.gpio_set_function
                0x000000001000093c       0x30 CMakeFiles/PraticumII.dir/opt/pico-sdk/src/rp2_common/hardware_gpio/gpio.c.obj
                0x000000001000093c                gpio_set_function
 .text.gpio_set_pulls
                0x000000001000096c       0x30 CMakeFiles/PraticumII.dir/opt/pico-sdk/src/rp2_common/hardware_gpio/gpio.c.obj
                0x000000001000096c                gpio_set_pulls
 .text.gpio_set_irq_enabled_with_callback
                0x000000001000099c       0xb0 CMakeFiles/PraticumII.dir/opt/pico-sdk/src/rp2_common/hardware_gpio/gpio.c.obj
                0x000000001000099c                gpio_set_irq_enabled_with_callback
 .text.gpio_acknowledge_irq
                0x0000000010000a4c       0x1c CMakeFiles/PraticumII.dir/opt/pico-sdk/src/rp2_common/hardware_gpio/gpio.c.obj
                0x0000000010000a4c                gpio_acknowledge_irq
 .text.gpio_set_input_enabled
                0x0000000010000a68       0x28 CMakeFiles/PraticumII.dir/opt/pico-sdk/src/rp2_common/hardware_gpio/gpio.c.obj
                0x0000000010000a68                gpio_set_input_enabled
 .text.gpio_init
                0x0000000010000a90       0x3c CMakeFiles/PraticumII.dir/opt/pico-sdk/src/rp2_common/hardware_gpio/gpio.c.obj
                0x0000000010000a90                gpio_init
 .text.hw_claim_or_assert
                0x0000000010000acc       0x44 CMakeFiles/PraticumII.dir/opt/pico-sdk/src/rp2_common/hardware_claim/claim.c.obj
                0x0000000010000acc                hw_claim_or_assert
 .text.hw_claim_unused_from_range
                0x0000000010000b10       0x9c CMakeFiles/PraticumII.dir/opt/pico-sdk/src/rp2_common/hardware_claim/claim.c.obj
                0x0000000010000b10                hw_claim_unused_from_range
 .text.running_on_fpga
                0x0000000010000bac       0x10 CMakeFiles/PraticumII.dir/opt/pico-sdk/src/rp2_common/pico_platform/platform.c.obj
                0x0000000010000bac                running_on_fpga
 .text.spin_locks_reset
                0x0000000010000bbc       0x1c CMakeFiles/PraticumII.dir/opt/pico-sdk/src/rp2_common/hardware_sync/sync.c.obj
                0x0000000010000bbc                spin_locks_reset
 .text.next_striped_spin_lock_num
                0x0000000010000bd8       0x18 CMakeFiles/PraticumII.dir/opt/pico-sdk/src/rp2_common/hardware_sync/sync.c.obj
                0x0000000010000bd8                next_striped_spin_lock_num
 .text.spin_lock_claim_unused
                0x0000000010000bf0       0x20 CMakeFiles/PraticumII.dir/opt/pico-sdk/src/rp2_common/hardware_sync/sync.c.obj
                0x0000000010000bf0                spin_lock_claim_unused
 .text.irq_set_enabled
                0x0000000010000c10       0x24 CMakeFiles/PraticumII.dir/opt/pico-sdk/src/rp2_common/hardware_irq/irq.c.obj
                0x0000000010000c10                irq_set_enabled
 .text.irq_set_pending
                0x0000000010000c34       0x10 CMakeFiles/PraticumII.dir/opt/pico-sdk/src/rp2_common/hardware_irq/irq.c.obj
                0x0000000010000c34                irq_set_pending
 .text.irq_has_shared_handler
                0x0000000010000c44       0x2c CMakeFiles/PraticumII.dir/opt/pico-sdk/src/rp2_common/hardware_irq/irq.c.obj
                0x0000000010000c44                irq_has_shared_handler
 .text.irq_get_vtable_handler
                0x0000000010000c70       0x10 CMakeFiles/PraticumII.dir/opt/pico-sdk/src/rp2_common/hardware_irq/irq.c.obj
                0x0000000010000c70                irq_get_vtable_handler
 .text.irq_set_exclusive_handler
                0x0000000010000c80       0x54 CMakeFiles/PraticumII.dir/opt/pico-sdk/src/rp2_common/hardware_irq/irq.c.obj
                0x0000000010000c80                irq_set_exclusive_handler
 .text.irq_add_shared_handler
                0x0000000010000cd4      0x1e4 CMakeFiles/PraticumII.dir/opt/pico-sdk/src/rp2_common/hardware_irq/irq.c.obj
                0x0000000010000cd4                irq_add_shared_handler
 .text.irq_remove_handler
                0x0000000010000eb8      0x1b4 CMakeFiles/PraticumII.dir/opt/pico-sdk/src/rp2_common/hardware_irq/irq.c.obj
                0x0000000010000eb8                irq_remove_handler
 .text.irq_add_tail_to_free_list
                0x000000001000106c       0xb4 CMakeFiles/PraticumII.dir/opt/pico-sdk/src/rp2_common/hardware_irq/irq.c.obj
                0x000000001000106c                irq_add_tail_to_free_list
 .text.irq_init_priorities
                0x0000000010001120       0x24 CMakeFiles/PraticumII.dir/opt/pico-sdk/src/rp2_common/hardware_irq/irq.c.obj
                0x0000000010001120                irq_init_priorities
 .text.user_irq_claim_unused
                0x0000000010001144       0x30 CMakeFiles/PraticumII.dir/opt/pico-sdk/src/rp2_common/hardware_irq/irq.c.obj
                0x0000000010001144                user_irq_claim_unused
 .text.lock_init
                0x0000000010001174       0x10 CMakeFiles/PraticumII.dir/opt/pico-sdk/src/common/pico_sync/lock_core.c.obj
                0x0000000010001174                lock_init
 .text.timer_pool_entry_comparator
                0x0000000010001184       0x34 CMakeFiles/PraticumII.dir/opt/pico-sdk/src/common/pico_time/time.c.obj
                0x0000000010001184                timer_pool_entry_comparator
 .text.sleep_until_callback
                0x00000000100011b8       0x30 CMakeFiles/PraticumII.dir/opt/pico-sdk/src/common/pico_time/time.c.obj
 .text.add_alarm_under_lock.isra.0
                0x00000000100011e8      0x100 CMakeFiles/PraticumII.dir/opt/pico-sdk/src/common/pico_time/time.c.obj
 .text.alarm_pool_alarm_callback
                0x00000000100012e8      0x1c8 CMakeFiles/PraticumII.dir/opt/pico-sdk/src/common/pico_time/time.c.obj
 .text.alarm_pool_add_alarm_at.constprop.0
                0x00000000100014b0      0x11c CMakeFiles/PraticumII.dir/opt/pico-sdk/src/common/pico_time/time.c.obj
 .text.alarm_pool_init_default
                0x00000000100015cc       0x64 CMakeFiles/PraticumII.dir/opt/pico-sdk/src/common/pico_time/time.c.obj
                0x00000000100015cc                alarm_pool_init_default
 .text.alarm_pool_get_default
                0x0000000010001630        0x8 CMakeFiles/PraticumII.dir/opt/pico-sdk/src/common/pico_time/time.c.obj
                0x0000000010001630                alarm_pool_get_default
 .text.alarm_pool_add_alarm_at
                0x0000000010001638      0x194 CMakeFiles/PraticumII.dir/opt/pico-sdk/src/common/pico_time/time.c.obj
                0x0000000010001638                alarm_pool_add_alarm_at
 .text.sleep_until
                0x00000000100017cc       0xac CMakeFiles/PraticumII.dir/opt/pico-sdk/src/common/pico_time/time.c.obj
                0x00000000100017cc                sleep_until
 .text.sleep_ms
                0x0000000010001878       0x38 CMakeFiles/PraticumII.dir/opt/pico-sdk/src/common/pico_time/time.c.obj
                0x0000000010001878                sleep_ms
 .text.best_effort_wfe_or_timeout
                0x00000000100018b0       0xd4 CMakeFiles/PraticumII.dir/opt/pico-sdk/src/common/pico_time/time.c.obj
                0x00000000100018b0                best_effort_wfe_or_timeout
 .text.hardware_alarm_irq_handler
                0x0000000010001984       0xb8 CMakeFiles/PraticumII.dir/opt/pico-sdk/src/rp2_common/hardware_timer/timer.c.obj
 .text.hardware_alarm_claim
                0x0000000010001a3c       0x18 CMakeFiles/PraticumII.dir/opt/pico-sdk/src/rp2_common/hardware_timer/timer.c.obj
                0x0000000010001a3c                hardware_alarm_claim
 .text.time_us_64
                0x0000000010001a54       0x14 CMakeFiles/PraticumII.dir/opt/pico-sdk/src/rp2_common/hardware_timer/timer.c.obj
                0x0000000010001a54                time_us_64
 .text.busy_wait_until
                0x0000000010001a68       0x20 CMakeFiles/PraticumII.dir/opt/pico-sdk/src/rp2_common/hardware_timer/timer.c.obj
                0x0000000010001a68                busy_wait_until
 .text.hardware_alarm_set_callback
                0x0000000010001a88       0x8c CMakeFiles/PraticumII.dir/opt/pico-sdk/src/rp2_common/hardware_timer/timer.c.obj
                0x0000000010001a88                hardware_alarm_set_callback
 .text.hardware_alarm_set_target
                0x0000000010001b14       0xe0 CMakeFiles/PraticumII.dir/opt/pico-sdk/src/rp2_common/hardware_timer/timer.c.obj
                0x0000000010001b14                hardware_alarm_set_target
 .text.hardware_alarm_cancel
                0x0000000010001bf4       0x3c CMakeFiles/PraticumII.dir/opt/pico-sdk/src/rp2_common/hardware_timer/timer.c.obj
                0x0000000010001bf4                hardware_alarm_cancel
 .text.ph_merge_nodes
                0x0000000010001c30       0x68 CMakeFiles/PraticumII.dir/opt/pico-sdk/src/common/pico_util/pheap.c.obj
 .text.ph_post_alloc_init
                0x0000000010001c98       0x3c CMakeFiles/PraticumII.dir/opt/pico-sdk/src/common/pico_util/pheap.c.obj
                0x0000000010001c98                ph_post_alloc_init
 .text.ph_merge_two_pass
                0x0000000010001cd4       0x90 CMakeFiles/PraticumII.dir/opt/pico-sdk/src/common/pico_util/pheap.c.obj
                0x0000000010001cd4                ph_merge_two_pass
 .text.ph_remove_any_head
                0x0000000010001d64       0xf8 CMakeFiles/PraticumII.dir/opt/pico-sdk/src/common/pico_util/pheap.c.obj
 .text.ph_remove_head
                0x0000000010001e5c       0xfc CMakeFiles/PraticumII.dir/opt/pico-sdk/src/common/pico_util/pheap.c.obj
                0x0000000010001e5c                ph_remove_head
 .text.ph_remove_and_free_node
                0x0000000010001f58       0x7c CMakeFiles/PraticumII.dir/opt/pico-sdk/src/common/pico_util/pheap.c.obj
                0x0000000010001f58                ph_remove_and_free_node
 .text.mutex_init
                0x0000000010001fd4       0x1c CMakeFiles/PraticumII.dir/opt/pico-sdk/src/common/pico_sync/mutex.c.obj
                0x0000000010001fd4                mutex_init
 .text.recursive_mutex_init
                0x0000000010001ff0       0x1c CMakeFiles/PraticumII.dir/opt/pico-sdk/src/common/pico_sync/mutex.c.obj
                0x0000000010001ff0                recursive_mutex_init
 .text.critical_section_init
                0x000000001000200c       0x20 CMakeFiles/PraticumII.dir/opt/pico-sdk/src/common/pico_sync/critical_section.c.obj
                0x000000001000200c                critical_section_init
 .text.runtime_init
                0x000000001000202c       0xf0 CMakeFiles/PraticumII.dir/opt/pico-sdk/src/rp2_common/pico_runtime/runtime.c.obj
                0x000000001000202c                runtime_init
 .text.exit     0x000000001000211c        0x4 CMakeFiles/PraticumII.dir/opt/pico-sdk/src/rp2_common/pico_runtime/runtime.c.obj
                0x000000001000211c                exit
 .text.panic    0x0000000010002120       0x30 CMakeFiles/PraticumII.dir/opt/pico-sdk/src/rp2_common/pico_runtime/runtime.c.obj
                0x0000000010002120                panic
 .text.hard_assertion_failure
                0x0000000010002150        0xc CMakeFiles/PraticumII.dir/opt/pico-sdk/src/rp2_common/pico_runtime/runtime.c.obj
                0x0000000010002150                hard_assertion_failure
 .text.clocks_init
                0x000000001000215c      0x2bc CMakeFiles/PraticumII.dir/opt/pico-sdk/src/rp2_common/hardware_clocks/clocks.c.obj
                0x000000001000215c                clocks_init
 .text.pll_init
                0x0000000010002418       0xb0 CMakeFiles/PraticumII.dir/opt/pico-sdk/src/rp2_common/hardware_pll/pll.c.obj
                0x0000000010002418                pll_init
 .text.watchdog_start_tick
                0x00000000100024c8       0x10 CMakeFiles/PraticumII.dir/opt/pico-sdk/src/rp2_common/hardware_watchdog/watchdog.c.obj
                0x00000000100024c8                watchdog_start_tick
 .text.watchdog_reboot
                0x00000000100024d8       0x98 CMakeFiles/PraticumII.dir/opt/pico-sdk/src/rp2_common/hardware_watchdog/watchdog.c.obj
                0x00000000100024d8                watchdog_reboot
 .text.xosc_init
                0x0000000010002570       0x28 CMakeFiles/PraticumII.dir/opt/pico-sdk/src/rp2_common/hardware_xosc/xosc.c.obj
                0x0000000010002570                xosc_init
 .text._out_null
                0x0000000010002598        0x4 CMakeFiles/PraticumII.dir/opt/pico-sdk/src/rp2_common/pico_printf/printf.c.obj
 .text._out_rev
                0x000000001000259c       0x9c CMakeFiles/PraticumII.dir/opt/pico-sdk/src/rp2_common/pico_printf/printf.c.obj
 .text._ntoa_format
                0x0000000010002638      0x1cc CMakeFiles/PraticumII.dir/opt/pico-sdk/src/rp2_common/pico_printf/printf.c.obj
 .text._out_char
                0x0000000010002804       0x10 CMakeFiles/PraticumII.dir/opt/pico-sdk/src/rp2_common/pico_printf/printf.c.obj
 .text._out_fct
                0x0000000010002814       0x10 CMakeFiles/PraticumII.dir/opt/pico-sdk/src/rp2_common/pico_printf/printf.c.obj
 .text._etoa    0x0000000010002824      0x44c CMakeFiles/PraticumII.dir/opt/pico-sdk/src/rp2_common/pico_printf/printf.c.obj
 .text._ftoa    0x0000000010002c70      0x398 CMakeFiles/PraticumII.dir/opt/pico-sdk/src/rp2_common/pico_printf/printf.c.obj
 .text._vsnprintf
                0x0000000010003008      0xb04 CMakeFiles/PraticumII.dir/opt/pico-sdk/src/rp2_common/pico_printf/printf.c.obj
 .text.vfctprintf
                0x0000000010003b0c       0x20 CMakeFiles/PraticumII.dir/opt/pico-sdk/src/rp2_common/pico_printf/printf.c.obj
                0x0000000010003b0c                vfctprintf
 .text.weak_raw_vprintf
                0x0000000010003b2c       0x30 CMakeFiles/PraticumII.dir/opt/pico-sdk/src/rp2_common/pico_printf/printf.c.obj
                0x0000000010003b2c                weak_raw_vprintf
 .text          0x0000000010003b5c       0x10 CMakeFiles/PraticumII.dir/opt/pico-sdk/src/rp2_common/pico_bit_ops/bit_ops_aeabi.S.obj
 .text.rom_func_lookup
                0x0000000010003b6c       0x10 CMakeFiles/PraticumII.dir/opt/pico-sdk/src/rp2_common/pico_bootrom/bootrom.c.obj
                0x0000000010003b6c                rom_func_lookup
 .text.rom_data_lookup
                0x0000000010003b7c       0x10 CMakeFiles/PraticumII.dir/opt/pico-sdk/src/rp2_common/pico_bootrom/bootrom.c.obj
                0x0000000010003b7c                rom_data_lookup
 .text.rom_funcs_lookup
                0x0000000010003b8c       0x44 CMakeFiles/PraticumII.dir/opt/pico-sdk/src/rp2_common/pico_bootrom/bootrom.c.obj
                0x0000000010003b8c                rom_funcs_lookup
 .text.__wrap___aeabi_idiv
                0x0000000010003bd0       0x50 CMakeFiles/PraticumII.dir/opt/pico-sdk/src/rp2_common/pico_divider/divider.S.obj
                0x0000000010003bd0                __wrap___aeabi_idivmod
                0x0000000010003bd0                divmod_s32s32
                0x0000000010003bd0                div_s32s32
                0x0000000010003bd0                __wrap___aeabi_idiv
                0x0000000010003bd8                divmod_s32s32_unsafe
                0x0000000010003c04                divmod_s32s32_savestate
 .text.__wrap___aeabi_uidiv
                0x0000000010003c20       0x4c CMakeFiles/PraticumII.dir/opt/pico-sdk/src/rp2_common/pico_divider/divider.S.obj
                0x0000000010003c20                __wrap___aeabi_uidiv
                0x0000000010003c20                __wrap___aeabi_uidivmod
                0x0000000010003c20                div_u32u32
                0x0000000010003c20                divmod_u32u32
                0x0000000010003c28                divmod_u32u32_unsafe
                0x0000000010003c50                divmod_u32u32_savestate
 .text.__wrap___aeabi_ldiv
                0x0000000010003c6c      0x434 CMakeFiles/PraticumII.dir/opt/pico-sdk/src/rp2_common/pico_divider/divider.S.obj
                0x0000000010003c6c                div_s64s64
                0x0000000010003c6c                divmod_s64s64
                0x0000000010003c6c                __wrap___aeabi_ldivmod
                0x0000000010003ca4                div_u64u64
                0x0000000010003ca4                divmod_u64u64
                0x0000000010003ca4                __wrap___aeabi_uldivmod
                0x0000000010003cb4                divmod_u64u64_savestate
                0x0000000010003cdc                divmod_s64s64_unsafe
                0x0000000010003d64                divmod_u64u64_unsafe
 .text.__wrap___aeabi_darithmetic
                0x00000000100040a0       0x80 CMakeFiles/PraticumII.dir/opt/pico-sdk/src/rp2_common/pico_double/double_aeabi.S.obj
                0x00000000100040a0                __wrap___aeabi_drsub
                0x00000000100040a6                __wrap___aeabi_dsub
                0x00000000100040b8                __wrap___aeabi_dadd
                0x00000000100040ca                __wrap___aeabi_ddiv
                0x0000000010004106                __wrap___aeabi_dmul
 .text.__wrap___aeabi_cdcmple
                0x0000000010004120       0x6c CMakeFiles/PraticumII.dir/opt/pico-sdk/src/rp2_common/pico_double/double_aeabi.S.obj
                0x0000000010004120                __wrap___aeabi_cdrcmple
                0x0000000010004130                __wrap___aeabi_cdcmple
                0x0000000010004130                __wrap___aeabi_cdcmpeq
 .text.__wrap___aeabi_dcmplt
                0x000000001000418c        0xc CMakeFiles/PraticumII.dir/opt/pico-sdk/src/rp2_common/pico_double/double_aeabi.S.obj
                0x000000001000418c                __wrap___aeabi_dcmplt
 .text.__wrap___aeabi_dcmple
                0x0000000010004198       0x10 CMakeFiles/PraticumII.dir/opt/pico-sdk/src/rp2_common/pico_double/double_aeabi.S.obj
                0x0000000010004198                __wrap___aeabi_dcmple
 .text.__wrap___aeabi_dcmpge
                0x00000000100041a8       0x10 CMakeFiles/PraticumII.dir/opt/pico-sdk/src/rp2_common/pico_double/double_aeabi.S.obj
                0x00000000100041a8                __wrap___aeabi_dcmpge
 .text.__wrap___aeabi_dcmpgt
                0x00000000100041b8        0xa CMakeFiles/PraticumII.dir/opt/pico-sdk/src/rp2_common/pico_double/double_aeabi.S.obj
                0x00000000100041b8                __wrap___aeabi_dcmpgt
 .text.__wrap___aeabi_dcmpun
                0x00000000100041c2       0x1c CMakeFiles/PraticumII.dir/opt/pico-sdk/src/rp2_common/pico_double/double_aeabi.S.obj
                0x00000000100041c2                __wrap___aeabi_dcmpun
 *fill*         0x00000000100041de        0x2 
 .text.__wrap___aeabi_i2d
                0x00000000100041e0       0x38 CMakeFiles/PraticumII.dir/opt/pico-sdk/src/rp2_common/pico_double/double_aeabi.S.obj
                0x00000000100041e0                __wrap___aeabi_ui2d
                0x00000000100041e8                __wrap___aeabi_i2d
 .text.__wrap___aeabi_d2iz
                0x0000000010004218       0x48 CMakeFiles/PraticumII.dir/opt/pico-sdk/src/rp2_common/pico_double/double_aeabi.S.obj
                0x0000000010004218                __wrap___aeabi_d2iz
                0x0000000010004218                double2int_z
 .text.__wrap___aeabi_d2uiz
                0x0000000010004260       0x18 CMakeFiles/PraticumII.dir/opt/pico-sdk/src/rp2_common/pico_double/double_aeabi.S.obj
                0x0000000010004260                double2uint
                0x0000000010004260                __wrap___aeabi_d2uiz
 .text.__aeabi_double_init
                0x0000000010004278       0x94 CMakeFiles/PraticumII.dir/opt/pico-sdk/src/rp2_common/pico_double/double_init_rom.c.obj
                0x0000000010004278                __aeabi_double_init
 .text.double_table_shim_on_use_helper
                0x000000001000430c       0x2c CMakeFiles/PraticumII.dir/opt/pico-sdk/src/rp2_common/pico_double/double_v1_rom_shim.S.obj
                0x000000001000430c                double_table_shim_on_use_helper
 .text.__wrap___aeabi_dsub
                0x0000000010004338       0x10 CMakeFiles/PraticumII.dir/opt/pico-sdk/src/rp2_common/pico_double/double_v1_rom_shim.S.obj
                0x0000000010004338                drsub_shim
                0x000000001000433e                dsub_shim
 .text.dadd_shim
                0x0000000010004348      0x15c CMakeFiles/PraticumII.dir/opt/pico-sdk/src/rp2_common/pico_double/double_v1_rom_shim.S.obj
                0x0000000010004348                dadd_shim
 .text.dmul_shim
                0x00000000100044a4      0x15c CMakeFiles/PraticumII.dir/opt/pico-sdk/src/rp2_common/pico_double/double_v1_rom_shim.S.obj
                0x00000000100044a4                dmul_shim
 .text.ddiv_shim
                0x0000000010004600      0x1b0 CMakeFiles/PraticumII.dir/opt/pico-sdk/src/rp2_common/pico_double/double_v1_rom_shim.S.obj
                0x0000000010004600                ddiv_shim
 .text.double2uint_shim
                0x00000000100047b0        0xe CMakeFiles/PraticumII.dir/opt/pico-sdk/src/rp2_common/pico_double/double_v1_rom_shim.S.obj
                0x00000000100047b0                double2uint_shim
                0x00000000100047b2                double2ufix_shim
 *fill*         0x00000000100047be        0x2 
 .text.double2uint64_shim
                0x00000000100047c0       0x70 CMakeFiles/PraticumII.dir/opt/pico-sdk/src/rp2_common/pico_double/double_v1_rom_shim.S.obj
                0x00000000100047c0                double2uint64_shim
                0x00000000100047c2                double2ufix64_shim
                0x00000000100047e2                d2fix_a
 .text.dunpacks
                0x0000000010004830       0x3c CMakeFiles/PraticumII.dir/opt/pico-sdk/src/rp2_common/pico_double/double_v1_rom_shim.S.obj
                0x0000000010004830                dunpacks
 .text.__aeabi_lmul
                0x000000001000486c       0x32 CMakeFiles/PraticumII.dir/opt/pico-sdk/src/rp2_common/pico_int64_ops/pico_int64_ops_aeabi.S.obj
                0x000000001000486c                __wrap___aeabi_lmul
 *fill*         0x000000001000489e        0x2 
 .text.__wrap___aeabi_farithmetic
                0x00000000100048a0       0x48 CMakeFiles/PraticumII.dir/opt/pico-sdk/src/rp2_common/pico_float/float_aeabi.S.obj
                0x00000000100048a0                __wrap___aeabi_frsub
                0x00000000100048a6                __wrap___aeabi_fsub
                0x00000000100048ac                __wrap___aeabi_fadd
                0x00000000100048b2                __wrap___aeabi_fdiv
                0x00000000100048da                __wrap___aeabi_fmul
 .text.__wrap___aeabi_ui2f
                0x00000000100048e8        0xa CMakeFiles/PraticumII.dir/opt/pico-sdk/src/rp2_common/pico_float/float_aeabi.S.obj
                0x00000000100048e8                __wrap___aeabi_ui2f
 *fill*         0x00000000100048f2        0x2 
 .text.__wrap___aeabi_i2f
                0x00000000100048f4       0x44 CMakeFiles/PraticumII.dir/opt/pico-sdk/src/rp2_common/pico_float/float_aeabi.S.obj
                0x00000000100048f4                __wrap___aeabi_i2f
 .text.__wrap___aeabi_f2uiz
                0x0000000010004938        0xc CMakeFiles/PraticumII.dir/opt/pico-sdk/src/rp2_common/pico_float/float_aeabi.S.obj
                0x0000000010004938                __wrap___aeabi_f2uiz
 .text.__wrap___aeabi_f2d
                0x0000000010004944       0x14 CMakeFiles/PraticumII.dir/opt/pico-sdk/src/rp2_common/pico_float/float_aeabi.S.obj
                0x0000000010004944                __wrap___aeabi_f2d
 .text.__aeabi_float_init
                0x0000000010004958       0x64 CMakeFiles/PraticumII.dir/opt/pico-sdk/src/rp2_common/pico_float/float_init_rom.c.obj
                0x0000000010004958                __aeabi_float_init
 .text.float_table_shim_on_use_helper
                0x00000000100049bc       0x2c CMakeFiles/PraticumII.dir/opt/pico-sdk/src/rp2_common/pico_float/float_v1_rom_shim.S.obj
                0x00000000100049bc                float_table_shim_on_use_helper
 .text.float2double_shim
                0x00000000100049e8       0x30 CMakeFiles/PraticumII.dir/opt/pico-sdk/src/rp2_common/pico_float/float_v1_rom_shim.S.obj
                0x00000000100049e8                float2double_shim
 .text          0x0000000010004a18       0x10 CMakeFiles/PraticumII.dir/opt/pico-sdk/src/rp2_common/pico_mem_ops/mem_ops_aeabi.S.obj
                0x0000000010004a18                __aeabi_mem_init
 .text.memset   0x0000000010004a28        0xc CMakeFiles/PraticumII.dir/opt/pico-sdk/src/rp2_common/pico_mem_ops/mem_ops_aeabi.S.obj
                0x0000000010004a28                __wrap_memset
 .text.memcpy   0x0000000010004a34        0xc CMakeFiles/PraticumII.dir/opt/pico-sdk/src/rp2_common/pico_mem_ops/mem_ops_aeabi.S.obj
                0x0000000010004a34                __wrap___aeabi_memcpy
                0x0000000010004a34                __wrap_memcpy
 .text.stdio_out_chars_no_crlf
                0x0000000010004a40       0x10 CMakeFiles/PraticumII.dir/opt/pico-sdk/src/rp2_common/pico_stdio/stdio.c.obj
 .text.stdio_out_chars_crlf
                0x0000000010004a50       0xb4 CMakeFiles/PraticumII.dir/opt/pico-sdk/src/rp2_common/pico_stdio/stdio.c.obj
 .text.stdio_buffered_printer
                0x0000000010004b04       0x64 CMakeFiles/PraticumII.dir/opt/pico-sdk/src/rp2_common/pico_stdio/stdio.c.obj
 .text.stdio_put_string.isra.0
                0x0000000010004b68       0xfc CMakeFiles/PraticumII.dir/opt/pico-sdk/src/rp2_common/pico_stdio/stdio.c.obj
 .text.__wrap_putchar
                0x0000000010004c64       0xa0 CMakeFiles/PraticumII.dir/opt/pico-sdk/src/rp2_common/pico_stdio/stdio.c.obj
                0x0000000010004c64                __wrap_putchar
 .text.__wrap_puts
                0x0000000010004d04       0x3c CMakeFiles/PraticumII.dir/opt/pico-sdk/src/rp2_common/pico_stdio/stdio.c.obj
                0x0000000010004d04                __wrap_puts
 .text.stdio_set_driver_enabled
                0x0000000010004d40       0x30 CMakeFiles/PraticumII.dir/opt/pico-sdk/src/rp2_common/pico_stdio/stdio.c.obj
                0x0000000010004d40                stdio_set_driver_enabled
 .text.__wrap_vprintf
                0x0000000010004d70       0xd8 CMakeFiles/PraticumII.dir/opt/pico-sdk/src/rp2_common/pico_stdio/stdio.c.obj
                0x0000000010004d70                __wrap_vprintf
 .text.__wrap_printf
                0x0000000010004e48       0x18 CMakeFiles/PraticumII.dir/opt/pico-sdk/src/rp2_common/pico_stdio/stdio.c.obj
                0x0000000010004e48                __wrap_printf
 .text.stdio_init_all
                0x0000000010004e60        0x8 CMakeFiles/PraticumII.dir/opt/pico-sdk/src/rp2_common/pico_stdio/stdio.c.obj
                0x0000000010004e60                stdio_init_all
 .text.resetd_init
                0x0000000010004e68        0x4 CMakeFiles/PraticumII.dir/opt/pico-sdk/src/rp2_common/pico_stdio_usb/reset_interface.c.obj
 .text.resetd_reset
                0x0000000010004e6c        0xc CMakeFiles/PraticumII.dir/opt/pico-sdk/src/rp2_common/pico_stdio_usb/reset_interface.c.obj
 .text.resetd_open
                0x0000000010004e78       0x28 CMakeFiles/PraticumII.dir/opt/pico-sdk/src/rp2_common/pico_stdio_usb/reset_interface.c.obj
 .text.resetd_xfer_cb
                0x0000000010004ea0        0x4 CMakeFiles/PraticumII.dir/opt/pico-sdk/src/rp2_common/pico_stdio_usb/reset_interface.c.obj
 .text.resetd_control_xfer_cb
                0x0000000010004ea4       0x64 CMakeFiles/PraticumII.dir/opt/pico-sdk/src/rp2_common/pico_stdio_usb/reset_interface.c.obj
 .text.usbd_app_driver_get_cb
                0x0000000010004f08        0xc CMakeFiles/PraticumII.dir/opt/pico-sdk/src/rp2_common/pico_stdio_usb/reset_interface.c.obj
                0x0000000010004f08                usbd_app_driver_get_cb
 .text.tud_cdc_line_coding_cb
                0x0000000010004f14       0x34 CMakeFiles/PraticumII.dir/opt/pico-sdk/src/rp2_common/pico_stdio_usb/reset_interface.c.obj
                0x0000000010004f14                tud_cdc_line_coding_cb
 .text.stdio_usb_in_chars
                0x0000000010004f48       0x68 CMakeFiles/PraticumII.dir/opt/pico-sdk/src/rp2_common/pico_stdio_usb/stdio_usb.c.obj
                0x0000000010004f48                stdio_usb_in_chars
 .text.stdio_usb_out_chars
                0x0000000010004fb0       0xe4 CMakeFiles/PraticumII.dir/opt/pico-sdk/src/rp2_common/pico_stdio_usb/stdio_usb.c.obj
 .text.timer_task
                0x0000000010005094       0x18 CMakeFiles/PraticumII.dir/opt/pico-sdk/src/rp2_common/pico_stdio_usb/stdio_usb.c.obj
 .text.usb_irq  0x00000000100050ac       0x10 CMakeFiles/PraticumII.dir/opt/pico-sdk/src/rp2_common/pico_stdio_usb/stdio_usb.c.obj
 .text.low_priority_worker_irq
                0x00000000100050bc       0x24 CMakeFiles/PraticumII.dir/opt/pico-sdk/src/rp2_common/pico_stdio_usb/stdio_usb.c.obj
 .text.stdio_usb_init
                0x00000000100050e0       0xb0 CMakeFiles/PraticumII.dir/opt/pico-sdk/src/rp2_common/pico_stdio_usb/stdio_usb.c.obj
                0x00000000100050e0                stdio_usb_init
 .text.tud_descriptor_device_cb
                0x0000000010005190        0x8 CMakeFiles/PraticumII.dir/opt/pico-sdk/src/rp2_common/pico_stdio_usb/stdio_usb_descriptors.c.obj
                0x0000000010005190                tud_descriptor_device_cb
 .text.tud_descriptor_configuration_cb
                0x0000000010005198        0x8 CMakeFiles/PraticumII.dir/opt/pico-sdk/src/rp2_common/pico_stdio_usb/stdio_usb_descriptors.c.obj
                0x0000000010005198                tud_descriptor_configuration_cb
 .text.tud_descriptor_string_cb
                0x00000000100051a0       0x74 CMakeFiles/PraticumII.dir/opt/pico-sdk/src/rp2_common/pico_stdio_usb/stdio_usb_descriptors.c.obj
                0x00000000100051a0                tud_descriptor_string_cb
 .text.dcd_rp2040_irq
                0x0000000010005214      0x21c CMakeFiles/PraticumII.dir/opt/pico-sdk/lib/tinyusb/src/portable/raspberrypi/rp2040/dcd_rp2040.c.obj
 .text.dcd_int_enable
                0x0000000010005430        0xc CMakeFiles/PraticumII.dir/opt/pico-sdk/lib/tinyusb/src/portable/raspberrypi/rp2040/dcd_rp2040.c.obj
                0x0000000010005430                dcd_int_enable
 .text.dcd_set_address
                0x000000001000543c       0x14 CMakeFiles/PraticumII.dir/opt/pico-sdk/lib/tinyusb/src/portable/raspberrypi/rp2040/dcd_rp2040.c.obj
                0x000000001000543c                dcd_set_address
 .text.dcd_connect
                0x0000000010005450       0x10 CMakeFiles/PraticumII.dir/opt/pico-sdk/lib/tinyusb/src/portable/raspberrypi/rp2040/dcd_rp2040.c.obj
                0x0000000010005450                dcd_connect
 .text.dcd_init
                0x0000000010005460      0x144 CMakeFiles/PraticumII.dir/opt/pico-sdk/lib/tinyusb/src/portable/raspberrypi/rp2040/dcd_rp2040.c.obj
                0x0000000010005460                dcd_init
 .text.dcd_edpt0_status_complete
                0x00000000100055a4       0x1c CMakeFiles/PraticumII.dir/opt/pico-sdk/lib/tinyusb/src/portable/raspberrypi/rp2040/dcd_rp2040.c.obj
                0x00000000100055a4                dcd_edpt0_status_complete
 .text.dcd_edpt_open
                0x00000000100055c0       0xf0 CMakeFiles/PraticumII.dir/opt/pico-sdk/lib/tinyusb/src/portable/raspberrypi/rp2040/dcd_rp2040.c.obj
                0x00000000100055c0                dcd_edpt_open
 .text.dcd_edpt_close_all
                0x00000000100056b0       0xbc CMakeFiles/PraticumII.dir/opt/pico-sdk/lib/tinyusb/src/portable/raspberrypi/rp2040/dcd_rp2040.c.obj
                0x00000000100056b0                dcd_edpt_close_all
 .text.dcd_edpt_xfer
                0x000000001000576c       0x24 CMakeFiles/PraticumII.dir/opt/pico-sdk/lib/tinyusb/src/portable/raspberrypi/rp2040/dcd_rp2040.c.obj
                0x000000001000576c                dcd_edpt_xfer
 .text.dcd_edpt_stall
                0x0000000010005790       0x38 CMakeFiles/PraticumII.dir/opt/pico-sdk/lib/tinyusb/src/portable/raspberrypi/rp2040/dcd_rp2040.c.obj
                0x0000000010005790                dcd_edpt_stall
 .text.dcd_edpt_clear_stall
                0x00000000100057c8       0x30 CMakeFiles/PraticumII.dir/opt/pico-sdk/lib/tinyusb/src/portable/raspberrypi/rp2040/dcd_rp2040.c.obj
                0x00000000100057c8                dcd_edpt_clear_stall
 .text._hw_endpoint_buffer_control_update32.part.0.isra.0
                0x00000000100057f8       0x1c CMakeFiles/PraticumII.dir/opt/pico-sdk/lib/tinyusb/src/portable/raspberrypi/rp2040/rp2040_usb.c.obj
 .text.rp2040_usb_init
                0x0000000010005814       0x4c CMakeFiles/PraticumII.dir/opt/pico-sdk/lib/tinyusb/src/portable/raspberrypi/rp2040/rp2040_usb.c.obj
                0x0000000010005814                rp2040_usb_init
 .text.hw_endpoint_reset_transfer
                0x0000000010005860        0xc CMakeFiles/PraticumII.dir/opt/pico-sdk/lib/tinyusb/src/portable/raspberrypi/rp2040/rp2040_usb.c.obj
                0x0000000010005860                hw_endpoint_reset_transfer
 .text._hw_endpoint_buffer_control_update32
                0x000000001000586c       0x44 CMakeFiles/PraticumII.dir/opt/pico-sdk/lib/tinyusb/src/portable/raspberrypi/rp2040/rp2040_usb.c.obj
                0x000000001000586c                _hw_endpoint_buffer_control_update32
 .text.hw_endpoint_xfer_start
                0x00000000100058b0      0x138 CMakeFiles/PraticumII.dir/opt/pico-sdk/lib/tinyusb/src/portable/raspberrypi/rp2040/rp2040_usb.c.obj
                0x00000000100058b0                hw_endpoint_xfer_start
 .text.hw_endpoint_xfer_continue
                0x00000000100059e8      0x1e4 CMakeFiles/PraticumII.dir/opt/pico-sdk/lib/tinyusb/src/portable/raspberrypi/rp2040/rp2040_usb.c.obj
                0x00000000100059e8                hw_endpoint_xfer_continue
 .text.tud_mounted
                0x0000000010005bcc       0x10 CMakeFiles/PraticumII.dir/opt/pico-sdk/lib/tinyusb/src/device/usbd.c.obj
                0x0000000010005bcc                tud_mounted
 .text.tud_suspended
                0x0000000010005bdc       0x10 CMakeFiles/PraticumII.dir/opt/pico-sdk/lib/tinyusb/src/device/usbd.c.obj
                0x0000000010005bdc                tud_suspended
 .text.tud_inited
                0x0000000010005bec        0xc CMakeFiles/PraticumII.dir/opt/pico-sdk/lib/tinyusb/src/device/usbd.c.obj
                0x0000000010005bec                tud_inited
 .text.tud_init
                0x0000000010005bf8       0xd8 CMakeFiles/PraticumII.dir/opt/pico-sdk/lib/tinyusb/src/device/usbd.c.obj
                0x0000000010005bf8                tud_init
 .text.tud_task
                0x0000000010005cd0      0x8ec CMakeFiles/PraticumII.dir/opt/pico-sdk/lib/tinyusb/src/device/usbd.c.obj
                0x0000000010005cd0                tud_task
 .text.dcd_event_bus_signal
                0x00000000100065bc      0x120 CMakeFiles/PraticumII.dir/opt/pico-sdk/lib/tinyusb/src/device/usbd.c.obj
                0x00000000100065bc                dcd_event_bus_signal
 .text.dcd_event_bus_reset
                0x00000000100066dc       0x54 CMakeFiles/PraticumII.dir/opt/pico-sdk/lib/tinyusb/src/device/usbd.c.obj
                0x00000000100066dc                dcd_event_bus_reset
 .text.dcd_event_setup_received
                0x0000000010006730       0x50 CMakeFiles/PraticumII.dir/opt/pico-sdk/lib/tinyusb/src/device/usbd.c.obj
                0x0000000010006730                dcd_event_setup_received
 .text.dcd_event_xfer_complete
                0x0000000010006780       0x68 CMakeFiles/PraticumII.dir/opt/pico-sdk/lib/tinyusb/src/device/usbd.c.obj
                0x0000000010006780                dcd_event_xfer_complete
 .text.usbd_open_edpt_pair
                0x00000000100067e8       0x80 CMakeFiles/PraticumII.dir/opt/pico-sdk/lib/tinyusb/src/device/usbd.c.obj
                0x00000000100067e8                usbd_open_edpt_pair
 .text.usbd_edpt_open
                0x0000000010006868       0x30 CMakeFiles/PraticumII.dir/opt/pico-sdk/lib/tinyusb/src/device/usbd.c.obj
                0x0000000010006868                usbd_edpt_open
 .text.usbd_edpt_claim
                0x0000000010006898       0x64 CMakeFiles/PraticumII.dir/opt/pico-sdk/lib/tinyusb/src/device/usbd.c.obj
                0x0000000010006898                usbd_edpt_claim
 .text.usbd_edpt_release
                0x00000000100068fc       0x4c CMakeFiles/PraticumII.dir/opt/pico-sdk/lib/tinyusb/src/device/usbd.c.obj
                0x00000000100068fc                usbd_edpt_release
 .text.usbd_edpt_xfer
                0x0000000010006948       0x48 CMakeFiles/PraticumII.dir/opt/pico-sdk/lib/tinyusb/src/device/usbd.c.obj
                0x0000000010006948                usbd_edpt_xfer
 .text.tud_control_status
                0x0000000010006990       0x30 CMakeFiles/PraticumII.dir/opt/pico-sdk/lib/tinyusb/src/device/usbd_control.c.obj
                0x0000000010006990                tud_control_status
 .text.tud_control_xfer
                0x00000000100069c0       0xbc CMakeFiles/PraticumII.dir/opt/pico-sdk/lib/tinyusb/src/device/usbd_control.c.obj
                0x00000000100069c0                tud_control_xfer
 .text.usbd_control_reset
                0x0000000010006a7c       0x14 CMakeFiles/PraticumII.dir/opt/pico-sdk/lib/tinyusb/src/device/usbd_control.c.obj
                0x0000000010006a7c                usbd_control_reset
 .text.usbd_control_set_complete_callback
                0x0000000010006a90        0xc CMakeFiles/PraticumII.dir/opt/pico-sdk/lib/tinyusb/src/device/usbd_control.c.obj
                0x0000000010006a90                usbd_control_set_complete_callback
 .text.usbd_control_set_request
                0x0000000010006a9c       0x1c CMakeFiles/PraticumII.dir/opt/pico-sdk/lib/tinyusb/src/device/usbd_control.c.obj
                0x0000000010006a9c                usbd_control_set_request
 .text.usbd_control_xfer_cb
                0x0000000010006ab8       0xfc CMakeFiles/PraticumII.dir/opt/pico-sdk/lib/tinyusb/src/device/usbd_control.c.obj
                0x0000000010006ab8                usbd_control_xfer_cb
 .text.tud_cdc_n_connected
                0x0000000010006bb4       0x30 CMakeFiles/PraticumII.dir/opt/pico-sdk/lib/tinyusb/src/class/cdc/cdc_device.c.obj
                0x0000000010006bb4                tud_cdc_n_connected
 .text.tud_cdc_n_available
                0x0000000010006be4       0x18 CMakeFiles/PraticumII.dir/opt/pico-sdk/lib/tinyusb/src/class/cdc/cdc_device.c.obj
                0x0000000010006be4                tud_cdc_n_available
 .text.tud_cdc_n_read
                0x0000000010006bfc       0x70 CMakeFiles/PraticumII.dir/opt/pico-sdk/lib/tinyusb/src/class/cdc/cdc_device.c.obj
                0x0000000010006bfc                tud_cdc_n_read
 .text.tud_cdc_n_write_flush
                0x0000000010006c6c       0x78 CMakeFiles/PraticumII.dir/opt/pico-sdk/lib/tinyusb/src/class/cdc/cdc_device.c.obj
                0x0000000010006c6c                tud_cdc_n_write_flush
 .text.tud_cdc_n_write
                0x0000000010006ce4       0x34 CMakeFiles/PraticumII.dir/opt/pico-sdk/lib/tinyusb/src/class/cdc/cdc_device.c.obj
                0x0000000010006ce4                tud_cdc_n_write
 .text.tud_cdc_n_write_available
                0x0000000010006d18       0x18 CMakeFiles/PraticumII.dir/opt/pico-sdk/lib/tinyusb/src/class/cdc/cdc_device.c.obj
                0x0000000010006d18                tud_cdc_n_write_available
 .text.cdcd_init
                0x0000000010006d30       0x7c CMakeFiles/PraticumII.dir/opt/pico-sdk/lib/tinyusb/src/class/cdc/cdc_device.c.obj
                0x0000000010006d30                cdcd_init
 .text.cdcd_reset
                0x0000000010006dac       0x2c CMakeFiles/PraticumII.dir/opt/pico-sdk/lib/tinyusb/src/class/cdc/cdc_device.c.obj
                0x0000000010006dac                cdcd_reset
 .text.cdcd_open
                0x0000000010006dd8       0xe4 CMakeFiles/PraticumII.dir/opt/pico-sdk/lib/tinyusb/src/class/cdc/cdc_device.c.obj
                0x0000000010006dd8                cdcd_open
 .text.cdcd_control_xfer_cb
                0x0000000010006ebc       0xe4 CMakeFiles/PraticumII.dir/opt/pico-sdk/lib/tinyusb/src/class/cdc/cdc_device.c.obj
                0x0000000010006ebc                cdcd_control_xfer_cb
 .text.cdcd_xfer_cb
                0x0000000010006fa0      0x148 CMakeFiles/PraticumII.dir/opt/pico-sdk/lib/tinyusb/src/class/cdc/cdc_device.c.obj
                0x0000000010006fa0                cdcd_xfer_cb
 .text.tusb_init
                0x00000000100070e8        0xc CMakeFiles/PraticumII.dir/opt/pico-sdk/lib/tinyusb/src/tusb.c.obj
                0x00000000100070e8                tusb_init
 .text.tusb_inited
                0x00000000100070f4        0x8 CMakeFiles/PraticumII.dir/opt/pico-sdk/lib/tinyusb/src/tusb.c.obj
                0x00000000100070f4                tusb_inited
 .text.tu_edpt_validate
                0x00000000100070fc       0x78 CMakeFiles/PraticumII.dir/opt/pico-sdk/lib/tinyusb/src/tusb.c.obj
                0x00000000100070fc                tu_edpt_validate
 .text.tu_edpt_bind_driver
                0x0000000010007174       0x2c CMakeFiles/PraticumII.dir/opt/pico-sdk/lib/tinyusb/src/tusb.c.obj
                0x0000000010007174                tu_edpt_bind_driver
 .text.tu_fifo_config
                0x00000000100071a0       0x78 CMakeFiles/PraticumII.dir/opt/pico-sdk/lib/tinyusb/src/common/tusb_fifo.c.obj
                0x00000000100071a0                tu_fifo_config
 .text.tu_fifo_count
                0x0000000010007218       0x20 CMakeFiles/PraticumII.dir/opt/pico-sdk/lib/tinyusb/src/common/tusb_fifo.c.obj
                0x0000000010007218                tu_fifo_count
 .text.tu_fifo_empty
                0x0000000010007238       0x10 CMakeFiles/PraticumII.dir/opt/pico-sdk/lib/tinyusb/src/common/tusb_fifo.c.obj
                0x0000000010007238                tu_fifo_empty
 .text.tu_fifo_remaining
                0x0000000010007248       0x1c CMakeFiles/PraticumII.dir/opt/pico-sdk/lib/tinyusb/src/common/tusb_fifo.c.obj
                0x0000000010007248                tu_fifo_remaining
 .text.tu_fifo_read
                0x0000000010007264       0x9c CMakeFiles/PraticumII.dir/opt/pico-sdk/lib/tinyusb/src/common/tusb_fifo.c.obj
                0x0000000010007264                tu_fifo_read
 .text.tu_fifo_read_n
                0x0000000010007300      0x100 CMakeFiles/PraticumII.dir/opt/pico-sdk/lib/tinyusb/src/common/tusb_fifo.c.obj
                0x0000000010007300                tu_fifo_read_n
 .text.tu_fifo_write
                0x0000000010007400       0x7c CMakeFiles/PraticumII.dir/opt/pico-sdk/lib/tinyusb/src/common/tusb_fifo.c.obj
                0x0000000010007400                tu_fifo_write
 .text.tu_fifo_write_n
                0x000000001000747c      0x100 CMakeFiles/PraticumII.dir/opt/pico-sdk/lib/tinyusb/src/common/tusb_fifo.c.obj
                0x000000001000747c                tu_fifo_write_n
 .text.tu_fifo_clear
                0x000000001000757c       0x4c CMakeFiles/PraticumII.dir/opt/pico-sdk/lib/tinyusb/src/common/tusb_fifo.c.obj
                0x000000001000757c                tu_fifo_clear
 .text.tu_fifo_set_overwritable
                0x00000000100075c8       0x3c CMakeFiles/PraticumII.dir/opt/pico-sdk/lib/tinyusb/src/common/tusb_fifo.c.obj
                0x00000000100075c8                tu_fifo_set_overwritable
 .text.startup._retrieve_unique_id_on_boot
                0x0000000010007604       0x10 CMakeFiles/PraticumII.dir/opt/pico-sdk/src/rp2_common/pico_unique_id/unique_id.c.obj
 .text.pico_get_unique_board_id_string
                0x0000000010007614      0x1a8 CMakeFiles/PraticumII.dir/opt/pico-sdk/src/rp2_common/pico_unique_id/unique_id.c.obj
                0x0000000010007614                pico_get_unique_board_id_string
 .text.flash_get_unique_id
                0x00000000100077bc       0x40 CMakeFiles/PraticumII.dir/opt/pico-sdk/src/rp2_common/hardware_flash/flash.c.obj
                0x00000000100077bc                flash_get_unique_id
 .text.adc_init
                0x00000000100077fc       0x38 CMakeFiles/PraticumII.dir/opt/pico-sdk/src/rp2_common/hardware_adc/adc.c.obj
                0x00000000100077fc                adc_init
 .text.strlen   0x0000000010007834       0x5c /opt/gcc-arm-none-eabi/bin/../lib/gcc/arm-none-eabi/10.3.1/../../../../arm-none-eabi/lib/thumb/v6-m/nofp/libc.a(lib_a-strlen-stub.o)
                0x0000000010007834                strlen
 *(.fini)
 .fini          0x0000000010007890        0x4 /opt/gcc-arm-none-eabi/bin/../lib/gcc/arm-none-eabi/10.3.1/thumb/v6-m/nofp/crti.o
                0x0000000010007890                _fini
 *fill*         0x0000000010007894        0x4 
 .fini.__stub   0x0000000010007898       0x70 linker stubs
 *crtbegin.o(.ctors)
 *crtbegin?.o(.ctors)
 *(EXCLUDE_FILE(*crtend.o *crtend?.o) .ctors)
 *(SORT_BY_NAME(.ctors.*))
 *(.ctors)
 *crtbegin.o(.dtors)
 *crtbegin?.o(.dtors)
 *(EXCLUDE_FILE(*crtend.o *crtend?.o) .dtors)
 *(SORT_BY_NAME(.dtors.*))
 *(.dtors)
 *(.eh_frame*)
 .eh_frame      0x0000000010007908        0x0 /opt/gcc-arm-none-eabi/bin/../lib/gcc/arm-none-eabi/10.3.1/thumb/v6-m/nofp/crtbegin.o
                0x0000000010007908                . = ALIGN (0x4)

.glue_7         0x0000000010007908        0x0
 .glue_7        0x0000000010007908        0x0 linker stubs

.glue_7t        0x0000000010007908        0x0
 .glue_7t       0x0000000010007908        0x0 linker stubs

.vfp11_veneer   0x0000000010007908        0x0
 .vfp11_veneer  0x0000000010007908        0x0 linker stubs

.v4_bx          0x0000000010007908        0x0
 .v4_bx         0x0000000010007908        0x0 linker stubs

.iplt           0x0000000010007908        0x0
 .iplt          0x0000000010007908        0x0 /opt/gcc-arm-none-eabi/bin/../lib/gcc/arm-none-eabi/10.3.1/thumb/v6-m/nofp/crtbegin.o

.rodata         0x0000000010007908      0x538
 *(EXCLUDE_FILE(*libm.a: *libc.a:*lib_a-mem*.o *libgcc.a:) .rodata*)
 .rodata.gpio_callback_press.str1.4
                0x0000000010007908        0x6 CMakeFiles/PraticumII.dir/main.c.obj
 *fill*         0x000000001000790e        0x2 
 .rodata.gpio_callback_release.str1.4
                0x0000000010007910        0x8 CMakeFiles/PraticumII.dir/main.c.obj
 .rodata.test_hw.str1.4
                0x0000000010007918        0x3 CMakeFiles/PraticumII.dir/main.c.obj
 *fill*         0x000000001000791b        0x1 
 .rodata.run.str1.4
                0x000000001000791c       0x10 CMakeFiles/PraticumII.dir/main.c.obj
 .rodata.spin_lock_claim_unused.str1.4
                0x000000001000792c       0x1b CMakeFiles/PraticumII.dir/opt/pico-sdk/src/rp2_common/hardware_sync/sync.c.obj
 *fill*         0x0000000010007947        0x1 
 .rodata.user_irq_claim_unused.str1.4
                0x0000000010007948       0x1b CMakeFiles/PraticumII.dir/opt/pico-sdk/src/rp2_common/hardware_irq/irq.c.obj
 *fill*         0x0000000010007963        0x1 
 .rodata.hardware_alarm_claim.str1.4
                0x0000000010007964       0x22 CMakeFiles/PraticumII.dir/opt/pico-sdk/src/rp2_common/hardware_timer/timer.c.obj
 *fill*         0x0000000010007986        0x2 
 .rodata.panic.str1.4
                0x0000000010007988       0x12 CMakeFiles/PraticumII.dir/opt/pico-sdk/src/rp2_common/pico_runtime/runtime.c.obj
 *fill*         0x000000001000799a        0x2 
 .rodata.hard_assertion_failure.str1.4
                0x000000001000799c        0xc CMakeFiles/PraticumII.dir/opt/pico-sdk/src/rp2_common/pico_runtime/runtime.c.obj
 .rodata._ftoa.str1.4
                0x00000000100079a8       0x15 CMakeFiles/PraticumII.dir/opt/pico-sdk/src/rp2_common/pico_printf/printf.c.obj
 *fill*         0x00000000100079bd        0x3 
 .rodata._vsnprintf
                0x00000000100079c0      0x1e0 CMakeFiles/PraticumII.dir/opt/pico-sdk/src/rp2_common/pico_printf/printf.c.obj
 .rodata.pow10.0
                0x0000000010007ba0       0x50 CMakeFiles/PraticumII.dir/opt/pico-sdk/src/rp2_common/pico_printf/printf.c.obj
 .rodata.str1.4
                0x0000000010007bf0       0x38 CMakeFiles/PraticumII.dir/opt/pico-sdk/src/rp2_common/pico_standard_link/binary_info.c.obj
                                         0x40 (size before relaxing)
 .rodata.__bi_44
                0x0000000010007c28        0xc CMakeFiles/PraticumII.dir/opt/pico-sdk/src/rp2_common/pico_standard_link/binary_info.c.obj
 .rodata.__bi_75
                0x0000000010007c34        0xc CMakeFiles/PraticumII.dir/opt/pico-sdk/src/rp2_common/pico_standard_link/binary_info.c.obj
 .rodata.__bi_81
                0x0000000010007c40        0xc CMakeFiles/PraticumII.dir/opt/pico-sdk/src/rp2_common/pico_standard_link/binary_info.c.obj
 .rodata.crlf_str.0
                0x0000000010007c4c        0x2 CMakeFiles/PraticumII.dir/opt/pico-sdk/src/rp2_common/pico_stdio/stdio.c.obj
 *fill*         0x0000000010007c4e        0x2 
 .rodata._resetd_driver
                0x0000000010007c50       0x18 CMakeFiles/PraticumII.dir/opt/pico-sdk/src/rp2_common/pico_stdio_usb/reset_interface.c.obj
 .rodata.str1.4
                0x0000000010007c68       0x13 CMakeFiles/PraticumII.dir/opt/pico-sdk/src/rp2_common/pico_stdio_usb/stdio_usb.c.obj
 *fill*         0x0000000010007c7b        0x1 
 .rodata.__bi_118.0
                0x0000000010007c7c        0xc CMakeFiles/PraticumII.dir/opt/pico-sdk/src/rp2_common/pico_stdio_usb/stdio_usb.c.obj
 .rodata.str1.4
                0x0000000010007c88       0x2a CMakeFiles/PraticumII.dir/opt/pico-sdk/src/rp2_common/pico_stdio_usb/stdio_usb_descriptors.c.obj
 *fill*         0x0000000010007cb2        0x2 
 .rodata.usbd_desc_cfg
                0x0000000010007cb4       0x54 CMakeFiles/PraticumII.dir/opt/pico-sdk/src/rp2_common/pico_stdio_usb/stdio_usb_descriptors.c.obj
 .rodata.usbd_desc_device
                0x0000000010007d08       0x12 CMakeFiles/PraticumII.dir/opt/pico-sdk/src/rp2_common/pico_stdio_usb/stdio_usb_descriptors.c.obj
 *fill*         0x0000000010007d1a        0x2 
 .rodata.usbd_desc_str
                0x0000000010007d1c       0x18 CMakeFiles/PraticumII.dir/opt/pico-sdk/src/rp2_common/pico_stdio_usb/stdio_usb_descriptors.c.obj
 .rodata.dcd_rp2040_irq.str1.4
                0x0000000010007d34       0x14 CMakeFiles/PraticumII.dir/opt/pico-sdk/lib/tinyusb/src/portable/raspberrypi/rp2040/dcd_rp2040.c.obj
 .rodata._hw_endpoint_buffer_control_update32.part.0.isra.0.str1.4
                0x0000000010007d48       0x1f CMakeFiles/PraticumII.dir/opt/pico-sdk/lib/tinyusb/src/portable/raspberrypi/rp2040/rp2040_usb.c.obj
 *fill*         0x0000000010007d67        0x1 
 .rodata.hw_endpoint_xfer_continue.str1.4
                0x0000000010007d68       0x29 CMakeFiles/PraticumII.dir/opt/pico-sdk/lib/tinyusb/src/portable/raspberrypi/rp2040/rp2040_usb.c.obj
 *fill*         0x0000000010007d91        0x3 
 .rodata.str1.4
                0x0000000010007d94        0x7 CMakeFiles/PraticumII.dir/opt/pico-sdk/lib/tinyusb/src/portable/raspberrypi/rp2040/rp2040_usb.c.obj
 *fill*         0x0000000010007d9b        0x1 
 .rodata.tud_task
                0x0000000010007d9c       0x8c CMakeFiles/PraticumII.dir/opt/pico-sdk/lib/tinyusb/src/device/usbd.c.obj
 .rodata._usbd_driver
                0x0000000010007e28       0x18 CMakeFiles/PraticumII.dir/opt/pico-sdk/lib/tinyusb/src/device/usbd.c.obj
                0x0000000010007e40                . = ALIGN (0x4)
 *(SORT_BY_ALIGNMENT(SORT_BY_NAME(.flashdata*)))
                0x0000000010007e40                . = ALIGN (0x4)

.rel.dyn        0x0000000010007e40        0x0
 .rel.iplt      0x0000000010007e40        0x0 /opt/gcc-arm-none-eabi/bin/../lib/gcc/arm-none-eabi/10.3.1/thumb/v6-m/nofp/crtbegin.o

.ARM.extab
 *(.ARM.extab* .gnu.linkonce.armextab.*)
                0x0000000010007e40                __exidx_start = .

.ARM.exidx
 *(.ARM.exidx* .gnu.linkonce.armexidx.*)
                0x0000000010007e40                __exidx_end = .
                0x0000000010007e40                . = ALIGN (0x4)
                0x0000000010007e40                __binary_info_start = .

.binary_info    0x0000000010007e40       0x20
 *(.binary_info.keep.*)
 .binary_info.keep.__bi_ptr22
                0x0000000010007e40        0x4 CMakeFiles/PraticumII.dir/opt/pico-sdk/src/rp2_common/pico_standard_link/binary_info.c.obj
 .binary_info.keep.__bi_ptr30
                0x0000000010007e44        0x4 CMakeFiles/PraticumII.dir/opt/pico-sdk/src/rp2_common/pico_standard_link/binary_info.c.obj
 .binary_info.keep.__bi_ptr38
                0x0000000010007e48        0x4 CMakeFiles/PraticumII.dir/opt/pico-sdk/src/rp2_common/pico_standard_link/binary_info.c.obj
 .binary_info.keep.__bi_ptr44
                0x0000000010007e4c        0x4 CMakeFiles/PraticumII.dir/opt/pico-sdk/src/rp2_common/pico_standard_link/binary_info.c.obj
 .binary_info.keep.__bi_ptr50
                0x0000000010007e50        0x4 CMakeFiles/PraticumII.dir/opt/pico-sdk/src/rp2_common/pico_standard_link/binary_info.c.obj
 .binary_info.keep.__bi_ptr75
                0x0000000010007e54        0x4 CMakeFiles/PraticumII.dir/opt/pico-sdk/src/rp2_common/pico_standard_link/binary_info.c.obj
 .binary_info.keep.__bi_ptr81
                0x0000000010007e58        0x4 CMakeFiles/PraticumII.dir/opt/pico-sdk/src/rp2_common/pico_standard_link/binary_info.c.obj
 *(.binary_info.*)
 .binary_info.__bi_ptr118
                0x0000000010007e5c        0x4 CMakeFiles/PraticumII.dir/opt/pico-sdk/src/rp2_common/pico_stdio_usb/stdio_usb.c.obj
                0x0000000010007e60                __binary_info_end = .
                0x0000000010007e60                . = ALIGN (0x4)
                0x0000000010007e60                __etext = .

.ram_vector_table
                0x0000000020000000       0xc0
 *(.ram_vector_table)
 .ram_vector_table
                0x0000000020000000       0xc0 CMakeFiles/PraticumII.dir/opt/pico-sdk/src/rp2_common/pico_runtime/runtime.c.obj
                0x0000000020000000                ram_vector_table

.data           0x00000000200000c0      0x3e0 load address 0x0000000010007e60
                0x00000000200000c0                __data_start__ = .
 *(vtable)
 *(.time_critical*)
 .time_critical.mutex_enter_blocking
                0x00000000200000c0       0x48 CMakeFiles/PraticumII.dir/opt/pico-sdk/src/common/pico_sync/mutex.c.obj
                0x00000000200000c0                mutex_enter_blocking
 .time_critical.mutex_try_enter
                0x0000000020000108       0x44 CMakeFiles/PraticumII.dir/opt/pico-sdk/src/common/pico_sync/mutex.c.obj
                0x0000000020000108                mutex_try_enter
 .time_critical.mutex_enter_timeout_ms
                0x000000002000014c       0xa0 CMakeFiles/PraticumII.dir/opt/pico-sdk/src/common/pico_sync/mutex.c.obj
                0x000000002000014c                mutex_enter_timeout_ms
 .time_critical.mutex_exit
                0x00000000200001ec       0x28 CMakeFiles/PraticumII.dir/opt/pico-sdk/src/common/pico_sync/mutex.c.obj
                0x00000000200001ec                mutex_exit
 .time_critical.flash_init_boot2_copyout
                0x0000000020000214       0x30 CMakeFiles/PraticumII.dir/opt/pico-sdk/src/rp2_common/hardware_flash/flash.c.obj
 .time_critical.flash_enable_xip_via_boot2
                0x0000000020000244       0x10 CMakeFiles/PraticumII.dir/opt/pico-sdk/src/rp2_common/hardware_flash/flash.c.obj
 .time_critical.flash_cs_force
                0x0000000020000254       0x38 CMakeFiles/PraticumII.dir/opt/pico-sdk/src/rp2_common/hardware_flash/flash.c.obj
 .time_critical.flash_do_cmd
                0x000000002000028c       0xc4 CMakeFiles/PraticumII.dir/opt/pico-sdk/src/rp2_common/hardware_flash/flash.c.obj
                0x000000002000028c                flash_do_cmd
 *(.text*)
 .text          0x0000000020000350        0x4 /opt/gcc-arm-none-eabi/bin/../lib/gcc/arm-none-eabi/10.3.1/thumb/v6-m/nofp/libgcc.a(_dvmd_tls.o)
                0x0000000020000350                __aeabi_ldiv0
                0x0000000020000350                __aeabi_idiv0
 *fill*         0x0000000020000354        0x4 
 .text.__stub   0x0000000020000358       0x30 linker stubs
                0x0000000020000388                . = ALIGN (0x4)
 *(.rodata*)
                0x0000000020000388                . = ALIGN (0x4)
 *(.data*)
 .data.delay    0x0000000020000388        0x4 CMakeFiles/PraticumII.dir/main.c.obj
                0x0000000020000388                delay
 .data.light_color
                0x000000002000038c        0xc CMakeFiles/PraticumII.dir/main.c.obj
                0x000000002000038c                light_color
 .data.logic    0x0000000020000398        0x4 CMakeFiles/PraticumII.dir/main.c.obj
                0x0000000020000398                logic
 .data.secound  0x000000002000039c        0x4 CMakeFiles/PraticumII.dir/main.c.obj
                0x000000002000039c                secound
 .data.striped_spin_lock_num
                0x00000000200003a0        0x1 CMakeFiles/PraticumII.dir/opt/pico-sdk/src/rp2_common/hardware_sync/sync.c.obj
 *fill*         0x00000000200003a1        0x3 
 .data          0x00000000200003a4       0x48 CMakeFiles/PraticumII.dir/opt/pico-sdk/src/rp2_common/hardware_irq/irq_handler_chain.S.obj
                0x00000000200003a4                irq_handler_chain_slots
                0x00000000200003d4                irq_handler_chain_first_slot
                0x00000000200003de                irq_handler_chain_remove_tail
 .data.default_alarm_pool
                0x00000000200003ec       0x18 CMakeFiles/PraticumII.dir/opt/pico-sdk/src/common/pico_time/time.c.obj
 .data.default_alarm_pool_heap
                0x0000000020000404       0x10 CMakeFiles/PraticumII.dir/opt/pico-sdk/src/common/pico_time/time.c.obj
 *fill*         0x0000000020000414        0xc 
 .data.aeabi_bits_funcs
                0x0000000020000420       0x10 CMakeFiles/PraticumII.dir/opt/pico-sdk/src/rp2_common/pico_bit_ops/bit_ops_aeabi.S.obj
                0x0000000020000420                aeabi_bits_funcs
                0x0000000020000430                aeabi_bits_funcs_end
 .data.aeabi_mem_funcs
                0x0000000020000430       0x10 CMakeFiles/PraticumII.dir/opt/pico-sdk/src/rp2_common/pico_mem_ops/mem_ops_aeabi.S.obj
                0x0000000020000430                aeabi_mem_funcs
                0x0000000020000440                aeabi_mem_funcs_end
 .data.stdio_usb
                0x0000000020000440       0x14 CMakeFiles/PraticumII.dir/opt/pico-sdk/src/rp2_common/pico_stdio_usb/stdio_usb.c.obj
                0x0000000020000440                stdio_usb
 .data.ep_dir_string
                0x0000000020000454        0x8 CMakeFiles/PraticumII.dir/opt/pico-sdk/lib/tinyusb/src/portable/raspberrypi/rp2040/rp2040_usb.c.obj
                0x0000000020000454                ep_dir_string
 .data._usbd_qdef
                0x000000002000045c       0x24 CMakeFiles/PraticumII.dir/opt/pico-sdk/lib/tinyusb/src/device/usbd.c.obj
                0x000000002000045c                _usbd_qdef
                0x0000000020000480                . = ALIGN (0x4)
 *(.after_data.*)
                0x0000000020000480                . = ALIGN (0x4)
                0x0000000020000480                PROVIDE (__mutex_array_start = .)
 *(SORT_BY_NAME(.mutex_array.*))
 *(.mutex_array)
 .mutex_array   0x0000000020000480        0x8 CMakeFiles/PraticumII.dir/opt/pico-sdk/src/rp2_common/pico_stdio/stdio.c.obj
                0x0000000020000488                PROVIDE (__mutex_array_end = .)
                0x0000000020000488                . = ALIGN (0x4)
                0x0000000020000488                PROVIDE (__preinit_array_start = .)
 *(SORT_BY_NAME(.preinit_array.*))
 .preinit_array.00001
                0x0000000020000488        0x4 CMakeFiles/PraticumII.dir/opt/pico-sdk/src/rp2_common/pico_mem_ops/mem_ops_aeabi.S.obj
 .preinit_array.00010
                0x000000002000048c        0x4 CMakeFiles/PraticumII.dir/opt/pico-sdk/src/rp2_common/pico_bit_ops/bit_ops_aeabi.S.obj
 .preinit_array.00020
                0x0000000020000490        0x4 CMakeFiles/PraticumII.dir/opt/pico-sdk/src/rp2_common/pico_double/double_aeabi.S.obj
 .preinit_array.00020
                0x0000000020000494        0x4 CMakeFiles/PraticumII.dir/opt/pico-sdk/src/rp2_common/pico_float/float_aeabi.S.obj
 *(.preinit_array)
                0x0000000020000498                PROVIDE (__preinit_array_end = .)
                0x0000000020000498                . = ALIGN (0x4)
                0x0000000020000498                PROVIDE (__init_array_start = .)
 *(SORT_BY_NAME(.init_array.*))
 *(.init_array)
 .init_array    0x0000000020000498        0x4 /opt/gcc-arm-none-eabi/bin/../lib/gcc/arm-none-eabi/10.3.1/thumb/v6-m/nofp/crtbegin.o
 .init_array    0x000000002000049c        0x4 CMakeFiles/PraticumII.dir/opt/pico-sdk/src/rp2_common/pico_unique_id/unique_id.c.obj
                0x00000000200004a0                PROVIDE (__init_array_end = .)
                0x00000000200004a0                . = ALIGN (0x4)
                [!provide]                        PROVIDE (__fini_array_start = .)
 *(SORT_BY_NAME(.fini_array.*))
 *(.fini_array)
                [!provide]                        PROVIDE (__fini_array_end = .)
 *(.jcr)
                0x00000000200004a0                . = ALIGN (0x4)
                0x00000000200004a0                __data_end__ = .

.igot.plt       0x00000000200004a0        0x0 load address 0x0000000010008240
 .igot.plt      0x00000000200004a0        0x0 /opt/gcc-arm-none-eabi/bin/../lib/gcc/arm-none-eabi/10.3.1/thumb/v6-m/nofp/crtbegin.o

.uninitialized_data
                0x00000000200004a0        0x0 load address 0x0000000010008240
                0x00000000200004a0                . = ALIGN (0x4)
 *(.uninitialized_data*)

.scratch_x      0x0000000020040000        0x0 load address 0x0000000010008240
                0x0000000020040000                __scratch_x_start__ = .
 *(.scratch_x.*)
                0x0000000020040000                . = ALIGN (0x4)
                0x0000000020040000                __scratch_x_end__ = .
                0x0000000010008240                __scratch_x_source__ = LOADADDR (.scratch_x)

.scratch_y      0x0000000020041000        0x0 load address 0x0000000010008240
                0x0000000020041000                __scratch_y_start__ = .
 *(.scratch_y.*)
                0x0000000020041000                . = ALIGN (0x4)
                0x0000000020041000                __scratch_y_end__ = .
                0x0000000010008240                __scratch_y_source__ = LOADADDR (.scratch_y)

.bss            0x00000000200004a0      0xda0
                0x00000000200004a0                . = ALIGN (0x4)
                0x00000000200004a0                __bss_start__ = .
 *(SORT_BY_ALIGNMENT(SORT_BY_NAME(.bss*)))
 .bss.default_alarm_pool_entries
                0x00000000200004a0      0x100 CMakeFiles/PraticumII.dir/opt/pico-sdk/src/common/pico_time/time.c.obj
 .bss.last_avail_time.1
                0x00000000200005a0        0x8 CMakeFiles/PraticumII.dir/opt/pico-sdk/src/rp2_common/pico_stdio_usb/stdio_usb.c.obj
 .bss.sd_table  0x00000000200005a8      0x100 CMakeFiles/PraticumII.dir/opt/pico-sdk/src/rp2_common/pico_double/double_init_rom.c.obj
                0x00000000200005a8                sd_table
 .bss.sf_table  0x00000000200006a8      0x100 CMakeFiles/PraticumII.dir/opt/pico-sdk/src/rp2_common/pico_float/float_init_rom.c.obj
                0x00000000200006a8                sf_table
 .bss           0x00000000200007a8       0x1c /opt/gcc-arm-none-eabi/bin/../lib/gcc/arm-none-eabi/10.3.1/thumb/v6-m/nofp/crtbegin.o
 .bss._app_driver
                0x00000000200007c4        0x4 CMakeFiles/PraticumII.dir/opt/pico-sdk/lib/tinyusb/src/device/usbd.c.obj
 .bss._cdcd_itf
                0x00000000200007c8      0x2d8 CMakeFiles/PraticumII.dir/opt/pico-sdk/lib/tinyusb/src/class/cdc/cdc_device.c.obj
 .bss._ctrl_xfer
                0x0000000020000aa0       0x14 CMakeFiles/PraticumII.dir/opt/pico-sdk/lib/tinyusb/src/device/usbd_control.c.obj
 .bss._ubsd_mutexdef
                0x0000000020000ab4        0x8 CMakeFiles/PraticumII.dir/opt/pico-sdk/lib/tinyusb/src/device/usbd.c.obj
 .bss._usbd_ctrl_buf
                0x0000000020000abc       0x40 CMakeFiles/PraticumII.dir/opt/pico-sdk/lib/tinyusb/src/device/usbd_control.c.obj
 .bss._usbd_dev
                0x0000000020000afc       0x53 CMakeFiles/PraticumII.dir/opt/pico-sdk/lib/tinyusb/src/device/usbd.c.obj
 *fill*         0x0000000020000b4f        0x1 
 .bss._usbd_mutex
                0x0000000020000b50        0x4 CMakeFiles/PraticumII.dir/opt/pico-sdk/lib/tinyusb/src/device/usbd.c.obj
 .bss._usbd_q   0x0000000020000b54        0x4 CMakeFiles/PraticumII.dir/opt/pico-sdk/lib/tinyusb/src/device/usbd.c.obj
 .bss._usbd_qdef_buf
                0x0000000020000b58       0xc0 CMakeFiles/PraticumII.dir/opt/pico-sdk/lib/tinyusb/src/device/usbd.c.obj
                0x0000000020000b58                _usbd_qdef_buf
 .bss.alarm_callbacks
                0x0000000020000c18       0x10 CMakeFiles/PraticumII.dir/opt/pico-sdk/src/rp2_common/hardware_timer/timer.c.obj
 .bss.boot2_copyout
                0x0000000020000c28      0x100 CMakeFiles/PraticumII.dir/opt/pico-sdk/src/rp2_common/hardware_flash/flash.c.obj
 .bss.callbacks
                0x0000000020000d28        0x8 CMakeFiles/PraticumII.dir/opt/pico-sdk/src/rp2_common/hardware_gpio/gpio.c.obj
 .bss.claimed   0x0000000020000d30        0x4 CMakeFiles/PraticumII.dir/opt/pico-sdk/src/rp2_common/hardware_sync/sync.c.obj
 .bss.configured_freq
                0x0000000020000d34       0x28 CMakeFiles/PraticumII.dir/opt/pico-sdk/src/rp2_common/hardware_clocks/clocks.c.obj
 .bss.default_alarm_pool_entry_ids_high
                0x0000000020000d5c       0x10 CMakeFiles/PraticumII.dir/opt/pico-sdk/src/common/pico_time/time.c.obj
 .bss.default_alarm_pool_heap_nodes
                0x0000000020000d6c       0x30 CMakeFiles/PraticumII.dir/opt/pico-sdk/src/common/pico_time/time.c.obj
 .bss.desc_str.0
                0x0000000020000d9c       0x28 CMakeFiles/PraticumII.dir/opt/pico-sdk/src/rp2_common/pico_stdio_usb/stdio_usb_descriptors.c.obj
 .bss.drivers   0x0000000020000dc4        0x4 CMakeFiles/PraticumII.dir/opt/pico-sdk/src/rp2_common/pico_stdio/stdio.c.obj
 .bss.filter    0x0000000020000dc8        0x4 CMakeFiles/PraticumII.dir/opt/pico-sdk/src/rp2_common/pico_stdio/stdio.c.obj
 .bss.hw_endpoints
                0x0000000020000dcc      0x400 CMakeFiles/PraticumII.dir/opt/pico-sdk/lib/tinyusb/src/portable/raspberrypi/rp2040/dcd_rp2040.c.obj
 .bss.lazy_vsnprintf
                0x00000000200011cc        0x4 CMakeFiles/PraticumII.dir/opt/pico-sdk/src/rp2_common/pico_printf/printf.c.obj
 .bss.light     0x00000000200011d0        0x4 CMakeFiles/PraticumII.dir/main.c.obj
                0x00000000200011d0                light
 .bss.load_value
                0x00000000200011d4        0x4 CMakeFiles/PraticumII.dir/opt/pico-sdk/src/rp2_common/hardware_watchdog/watchdog.c.obj
 .bss.next_buffer_ptr
                0x00000000200011d8        0x4 CMakeFiles/PraticumII.dir/opt/pico-sdk/lib/tinyusb/src/portable/raspberrypi/rp2040/dcd_rp2040.c.obj
 .bss.pools     0x00000000200011dc       0x10 CMakeFiles/PraticumII.dir/opt/pico-sdk/src/common/pico_time/time.c.obj
 .bss.raw_irq_mask
                0x00000000200011ec        0x8 CMakeFiles/PraticumII.dir/opt/pico-sdk/src/rp2_common/hardware_gpio/gpio.c.obj
 .bss.retrieved_id
                0x00000000200011f4        0x8 CMakeFiles/PraticumII.dir/opt/pico-sdk/src/rp2_common/pico_unique_id/unique_id.c.obj
 .bss.sf_clz_func
                0x00000000200011fc        0x4 CMakeFiles/PraticumII.dir/opt/pico-sdk/src/rp2_common/pico_double/double_init_rom.c.obj
                0x00000000200011fc                sf_clz_func
 .bss.sleep_notifier
                0x0000000020001200        0x4 CMakeFiles/PraticumII.dir/opt/pico-sdk/src/common/pico_time/time.c.obj
 .bss.stdio_usb_mutex
                0x0000000020001204        0x8 CMakeFiles/PraticumII.dir/opt/pico-sdk/src/rp2_common/pico_stdio_usb/stdio_usb.c.obj
 .bss.sw_delay  0x000000002000120c        0x4 CMakeFiles/PraticumII.dir/main.c.obj
                0x000000002000120c                sw_delay
 .bss.target_hi
                0x0000000020001210       0x10 CMakeFiles/PraticumII.dir/opt/pico-sdk/src/rp2_common/hardware_timer/timer.c.obj
 .bss.usbd_serial_str
                0x0000000020001220       0x11 CMakeFiles/PraticumII.dir/opt/pico-sdk/src/rp2_common/pico_stdio_usb/stdio_usb_descriptors.c.obj
 *fill*         0x0000000020001231        0x3 
 .bss.user_irq_claimed
                0x0000000020001234        0x2 CMakeFiles/PraticumII.dir/opt/pico-sdk/src/rp2_common/hardware_irq/irq.c.obj
 .bss._app_driver_count
                0x0000000020001236        0x1 CMakeFiles/PraticumII.dir/opt/pico-sdk/lib/tinyusb/src/device/usbd.c.obj
 .bss._usbd_initialized
                0x0000000020001237        0x1 CMakeFiles/PraticumII.dir/opt/pico-sdk/lib/tinyusb/src/device/usbd.c.obj
 .bss.boot2_copyout_valid
                0x0000000020001238        0x1 CMakeFiles/PraticumII.dir/opt/pico-sdk/src/rp2_common/hardware_flash/flash.c.obj
 .bss.claimed   0x0000000020001239        0x1 CMakeFiles/PraticumII.dir/opt/pico-sdk/src/rp2_common/hardware_timer/timer.c.obj
 .bss.irq_hander_chain_free_slot_head
                0x000000002000123a        0x1 CMakeFiles/PraticumII.dir/opt/pico-sdk/src/rp2_common/hardware_irq/irq.c.obj
 .bss.itf_num   0x000000002000123b        0x1 CMakeFiles/PraticumII.dir/opt/pico-sdk/src/rp2_common/pico_stdio_usb/reset_interface.c.obj
 .bss.low_priority_irq_num
                0x000000002000123c        0x1 CMakeFiles/PraticumII.dir/opt/pico-sdk/src/rp2_common/pico_stdio_usb/stdio_usb.c.obj
 .bss.timer_callbacks_pending
                0x000000002000123d        0x1 CMakeFiles/PraticumII.dir/opt/pico-sdk/src/rp2_common/hardware_timer/timer.c.obj
 *(COMMON)
                0x0000000020001240                . = ALIGN (0x4)
 *fill*         0x000000002000123e        0x2 
                0x0000000020001240                __bss_end__ = .

.heap           0x0000000020001240      0x800
                0x0000000020001240                __end__ = .
                0x0000000020001240                end = __end__
 *(.heap*)
 .heap          0x0000000020001240      0x800 CMakeFiles/PraticumII.dir/opt/pico-sdk/src/rp2_common/pico_standard_link/crt0.S.obj
                0x0000000020001a40                __HeapLimit = .

.stack1_dummy   0x0000000020040000        0x0
 *(.stack1*)

.stack_dummy    0x0000000020041000      0x800
 *(.stack*)
 .stack         0x0000000020041000      0x800 CMakeFiles/PraticumII.dir/opt/pico-sdk/src/rp2_common/pico_standard_link/crt0.S.obj

.flash_end      0x0000000010008240        0x0
                0x0000000010008240                __flash_binary_end = .
                0x0000000020040000                __StackLimit = (ORIGIN (RAM) + LENGTH (RAM))
                0x0000000020041000                __StackOneTop = (ORIGIN (SCRATCH_X) + LENGTH (SCRATCH_X))
                0x0000000020042000                __StackTop = (ORIGIN (SCRATCH_Y) + LENGTH (SCRATCH_Y))
                0x0000000020041000                __StackOneBottom = (__StackOneTop - SIZEOF (.stack1_dummy))
                0x0000000020041800                __StackBottom = (__StackTop - SIZEOF (.stack_dummy))
                0x0000000020042000                PROVIDE (__stack = __StackTop)
                0x0000000000000001                ASSERT ((__StackLimit >= __HeapLimit), region RAM overflowed)
                0x0000000000000001                ASSERT (((__binary_info_header_end - __logical_binary_start) <= 0x100), Binary info must be in first 256 bytes of the binary)
LOAD CMakeFiles/PraticumII.dir/main.c.obj
LOAD CMakeFiles/PraticumII.dir/opt/pico-sdk/src/rp2_common/pico_stdlib/stdlib.c.obj
LOAD CMakeFiles/PraticumII.dir/opt/pico-sdk/src/rp2_common/hardware_gpio/gpio.c.obj
LOAD CMakeFiles/PraticumII.dir/opt/pico-sdk/src/rp2_common/hardware_claim/claim.c.obj
LOAD CMakeFiles/PraticumII.dir/opt/pico-sdk/src/rp2_common/pico_platform/platform.c.obj
LOAD CMakeFiles/PraticumII.dir/opt/pico-sdk/src/rp2_common/hardware_sync/sync.c.obj
LOAD CMakeFiles/PraticumII.dir/opt/pico-sdk/src/rp2_common/hardware_irq/irq.c.obj
LOAD CMakeFiles/PraticumII.dir/opt/pico-sdk/src/rp2_common/hardware_irq/irq_handler_chain.S.obj
LOAD CMakeFiles/PraticumII.dir/opt/pico-sdk/src/common/pico_sync/sem.c.obj
LOAD CMakeFiles/PraticumII.dir/opt/pico-sdk/src/common/pico_sync/lock_core.c.obj
LOAD CMakeFiles/PraticumII.dir/opt/pico-sdk/src/common/pico_time/time.c.obj
LOAD CMakeFiles/PraticumII.dir/opt/pico-sdk/src/common/pico_time/timeout_helper.c.obj
LOAD CMakeFiles/PraticumII.dir/opt/pico-sdk/src/rp2_common/hardware_timer/timer.c.obj
LOAD CMakeFiles/PraticumII.dir/opt/pico-sdk/src/common/pico_util/datetime.c.obj
LOAD CMakeFiles/PraticumII.dir/opt/pico-sdk/src/common/pico_util/pheap.c.obj
LOAD CMakeFiles/PraticumII.dir/opt/pico-sdk/src/common/pico_util/queue.c.obj
LOAD CMakeFiles/PraticumII.dir/opt/pico-sdk/src/common/pico_sync/mutex.c.obj
LOAD CMakeFiles/PraticumII.dir/opt/pico-sdk/src/common/pico_sync/critical_section.c.obj
LOAD CMakeFiles/PraticumII.dir/opt/pico-sdk/src/rp2_common/hardware_uart/uart.c.obj
LOAD CMakeFiles/PraticumII.dir/opt/pico-sdk/src/rp2_common/hardware_divider/divider.S.obj
LOAD CMakeFiles/PraticumII.dir/opt/pico-sdk/src/rp2_common/pico_runtime/runtime.c.obj
LOAD CMakeFiles/PraticumII.dir/opt/pico-sdk/src/rp2_common/hardware_clocks/clocks.c.obj
LOAD CMakeFiles/PraticumII.dir/opt/pico-sdk/src/rp2_common/hardware_pll/pll.c.obj
LOAD CMakeFiles/PraticumII.dir/opt/pico-sdk/src/rp2_common/hardware_vreg/vreg.c.obj
LOAD CMakeFiles/PraticumII.dir/opt/pico-sdk/src/rp2_common/hardware_watchdog/watchdog.c.obj
LOAD CMakeFiles/PraticumII.dir/opt/pico-sdk/src/rp2_common/hardware_xosc/xosc.c.obj
LOAD CMakeFiles/PraticumII.dir/opt/pico-sdk/src/rp2_common/pico_printf/printf.c.obj
LOAD CMakeFiles/PraticumII.dir/opt/pico-sdk/src/rp2_common/pico_bit_ops/bit_ops_aeabi.S.obj
LOAD CMakeFiles/PraticumII.dir/opt/pico-sdk/src/rp2_common/pico_bootrom/bootrom.c.obj
LOAD CMakeFiles/PraticumII.dir/opt/pico-sdk/src/rp2_common/pico_divider/divider.S.obj
LOAD CMakeFiles/PraticumII.dir/opt/pico-sdk/src/rp2_common/pico_double/double_aeabi.S.obj
LOAD CMakeFiles/PraticumII.dir/opt/pico-sdk/src/rp2_common/pico_double/double_init_rom.c.obj
LOAD CMakeFiles/PraticumII.dir/opt/pico-sdk/src/rp2_common/pico_double/double_math.c.obj
LOAD CMakeFiles/PraticumII.dir/opt/pico-sdk/src/rp2_common/pico_double/double_v1_rom_shim.S.obj
LOAD CMakeFiles/PraticumII.dir/opt/pico-sdk/src/rp2_common/pico_int64_ops/pico_int64_ops_aeabi.S.obj
LOAD CMakeFiles/PraticumII.dir/opt/pico-sdk/src/rp2_common/pico_float/float_aeabi.S.obj
LOAD CMakeFiles/PraticumII.dir/opt/pico-sdk/src/rp2_common/pico_float/float_init_rom.c.obj
LOAD CMakeFiles/PraticumII.dir/opt/pico-sdk/src/rp2_common/pico_float/float_math.c.obj
LOAD CMakeFiles/PraticumII.dir/opt/pico-sdk/src/rp2_common/pico_float/float_v1_rom_shim.S.obj
LOAD CMakeFiles/PraticumII.dir/opt/pico-sdk/src/rp2_common/pico_malloc/pico_malloc.c.obj
LOAD CMakeFiles/PraticumII.dir/opt/pico-sdk/src/rp2_common/pico_mem_ops/mem_ops_aeabi.S.obj
LOAD CMakeFiles/PraticumII.dir/opt/pico-sdk/src/rp2_common/pico_standard_link/crt0.S.obj
LOAD CMakeFiles/PraticumII.dir/opt/pico-sdk/src/rp2_common/pico_standard_link/new_delete.cpp.obj
LOAD CMakeFiles/PraticumII.dir/opt/pico-sdk/src/rp2_common/pico_standard_link/binary_info.c.obj
LOAD CMakeFiles/PraticumII.dir/opt/pico-sdk/src/rp2_common/pico_stdio/stdio.c.obj
LOAD CMakeFiles/PraticumII.dir/opt/pico-sdk/src/rp2_common/pico_stdio_usb/reset_interface.c.obj
LOAD CMakeFiles/PraticumII.dir/opt/pico-sdk/src/rp2_common/pico_stdio_usb/stdio_usb.c.obj
LOAD CMakeFiles/PraticumII.dir/opt/pico-sdk/src/rp2_common/pico_stdio_usb/stdio_usb_descriptors.c.obj
LOAD CMakeFiles/PraticumII.dir/opt/pico-sdk/lib/tinyusb/src/portable/raspberrypi/rp2040/dcd_rp2040.c.obj
LOAD CMakeFiles/PraticumII.dir/opt/pico-sdk/lib/tinyusb/src/portable/raspberrypi/rp2040/rp2040_usb.c.obj
LOAD CMakeFiles/PraticumII.dir/opt/pico-sdk/lib/tinyusb/src/device/usbd.c.obj
LOAD CMakeFiles/PraticumII.dir/opt/pico-sdk/lib/tinyusb/src/device/usbd_control.c.obj
LOAD CMakeFiles/PraticumII.dir/opt/pico-sdk/lib/tinyusb/src/class/audio/audio_device.c.obj
LOAD CMakeFiles/PraticumII.dir/opt/pico-sdk/lib/tinyusb/src/class/cdc/cdc_device.c.obj
LOAD CMakeFiles/PraticumII.dir/opt/pico-sdk/lib/tinyusb/src/class/dfu/dfu_device.c.obj
LOAD CMakeFiles/PraticumII.dir/opt/pico-sdk/lib/tinyusb/src/class/dfu/dfu_rt_device.c.obj
LOAD CMakeFiles/PraticumII.dir/opt/pico-sdk/lib/tinyusb/src/class/hid/hid_device.c.obj
LOAD CMakeFiles/PraticumII.dir/opt/pico-sdk/lib/tinyusb/src/class/midi/midi_device.c.obj
LOAD CMakeFiles/PraticumII.dir/opt/pico-sdk/lib/tinyusb/src/class/msc/msc_device.c.obj
LOAD CMakeFiles/PraticumII.dir/opt/pico-sdk/lib/tinyusb/src/class/net/ecm_rndis_device.c.obj
LOAD CMakeFiles/PraticumII.dir/opt/pico-sdk/lib/tinyusb/src/class/net/ncm_device.c.obj
LOAD CMakeFiles/PraticumII.dir/opt/pico-sdk/lib/tinyusb/src/class/usbtmc/usbtmc_device.c.obj
LOAD CMakeFiles/PraticumII.dir/opt/pico-sdk/lib/tinyusb/src/class/vendor/vendor_device.c.obj
LOAD CMakeFiles/PraticumII.dir/opt/pico-sdk/lib/tinyusb/src/class/video/video_device.c.obj
LOAD CMakeFiles/PraticumII.dir/opt/pico-sdk/lib/tinyusb/src/tusb.c.obj
LOAD CMakeFiles/PraticumII.dir/opt/pico-sdk/lib/tinyusb/src/common/tusb_fifo.c.obj
LOAD CMakeFiles/PraticumII.dir/opt/pico-sdk/src/rp2_common/pico_fix/rp2040_usb_device_enumeration/rp2040_usb_device_enumeration.c.obj
LOAD CMakeFiles/PraticumII.dir/opt/pico-sdk/src/rp2_common/pico_unique_id/unique_id.c.obj
LOAD CMakeFiles/PraticumII.dir/opt/pico-sdk/src/rp2_common/hardware_flash/flash.c.obj
LOAD CMakeFiles/PraticumII.dir/opt/pico-sdk/src/rp2_common/hardware_adc/adc.c.obj
LOAD /tmp/cc9schCe.o
LOAD /opt/gcc-arm-none-eabi/bin/../lib/gcc/arm-none-eabi/10.3.1/../../../../arm-none-eabi/lib/thumb/v6-m/nofp/libstdc++.a
LOAD /opt/gcc-arm-none-eabi/bin/../lib/gcc/arm-none-eabi/10.3.1/../../../../arm-none-eabi/lib/thumb/v6-m/nofp/libm.a
START GROUP
LOAD /opt/gcc-arm-none-eabi/bin/../lib/gcc/arm-none-eabi/10.3.1/thumb/v6-m/nofp/libgcc.a
LOAD /opt/gcc-arm-none-eabi/bin/../lib/gcc/arm-none-eabi/10.3.1/../../../../arm-none-eabi/lib/thumb/v6-m/nofp/libc.a
END GROUP
START GROUP
LOAD /opt/gcc-arm-none-eabi/bin/../lib/gcc/arm-none-eabi/10.3.1/thumb/v6-m/nofp/libgcc.a
LOAD /opt/gcc-arm-none-eabi/bin/../lib/gcc/arm-none-eabi/10.3.1/../../../../arm-none-eabi/lib/thumb/v6-m/nofp/libc.a
LOAD /opt/gcc-arm-none-eabi/bin/../lib/gcc/arm-none-eabi/10.3.1/../../../../arm-none-eabi/lib/thumb/v6-m/nofp/libnosys.a
END GROUP
LOAD /opt/gcc-arm-none-eabi/bin/../lib/gcc/arm-none-eabi/10.3.1/thumb/v6-m/nofp/crtend.o
LOAD /opt/gcc-arm-none-eabi/bin/../lib/gcc/arm-none-eabi/10.3.1/thumb/v6-m/nofp/crtn.o
OUTPUT(PraticumII.elf elf32-littlearm)
LOAD linker stubs

.ARM.attributes
                0x0000000000000000       0x28
 .ARM.attributes
                0x0000000000000000       0x1e /opt/gcc-arm-none-eabi/bin/../lib/gcc/arm-none-eabi/10.3.1/thumb/v6-m/nofp/crti.o
 .ARM.attributes
                0x000000000000001e       0x2c /opt/gcc-arm-none-eabi/bin/../lib/gcc/arm-none-eabi/10.3.1/thumb/v6-m/nofp/crtbegin.o
 .ARM.attributes
                0x000000000000004a       0x2c CMakeFiles/PraticumII.dir/main.c.obj
 .ARM.attributes
                0x0000000000000076       0x2c CMakeFiles/PraticumII.dir/opt/pico-sdk/src/rp2_common/hardware_gpio/gpio.c.obj
 .ARM.attributes
                0x00000000000000a2       0x2c CMakeFiles/PraticumII.dir/opt/pico-sdk/src/rp2_common/hardware_claim/claim.c.obj
 .ARM.attributes
                0x00000000000000ce       0x2c CMakeFiles/PraticumII.dir/opt/pico-sdk/src/rp2_common/pico_platform/platform.c.obj
 .ARM.attributes
                0x00000000000000fa       0x2c CMakeFiles/PraticumII.dir/opt/pico-sdk/src/rp2_common/hardware_sync/sync.c.obj
 .ARM.attributes
                0x0000000000000126       0x2c CMakeFiles/PraticumII.dir/opt/pico-sdk/src/rp2_common/hardware_irq/irq.c.obj
 .ARM.attributes
                0x0000000000000152       0x22 CMakeFiles/PraticumII.dir/opt/pico-sdk/src/rp2_common/hardware_irq/irq_handler_chain.S.obj
 .ARM.attributes
                0x0000000000000174       0x2c CMakeFiles/PraticumII.dir/opt/pico-sdk/src/common/pico_sync/lock_core.c.obj
 .ARM.attributes
                0x00000000000001a0       0x2c CMakeFiles/PraticumII.dir/opt/pico-sdk/src/common/pico_time/time.c.obj
 .ARM.attributes
                0x00000000000001cc       0x2c CMakeFiles/PraticumII.dir/opt/pico-sdk/src/rp2_common/hardware_timer/timer.c.obj
 .ARM.attributes
                0x00000000000001f8       0x2c CMakeFiles/PraticumII.dir/opt/pico-sdk/src/common/pico_util/pheap.c.obj
 .ARM.attributes
                0x0000000000000224       0x2c CMakeFiles/PraticumII.dir/opt/pico-sdk/src/common/pico_sync/mutex.c.obj
 .ARM.attributes
                0x0000000000000250       0x2c CMakeFiles/PraticumII.dir/opt/pico-sdk/src/common/pico_sync/critical_section.c.obj
 .ARM.attributes
                0x000000000000027c       0x2c CMakeFiles/PraticumII.dir/opt/pico-sdk/src/rp2_common/pico_runtime/runtime.c.obj
 .ARM.attributes
                0x00000000000002a8       0x2c CMakeFiles/PraticumII.dir/opt/pico-sdk/src/rp2_common/hardware_clocks/clocks.c.obj
 .ARM.attributes
                0x00000000000002d4       0x2c CMakeFiles/PraticumII.dir/opt/pico-sdk/src/rp2_common/hardware_pll/pll.c.obj
 .ARM.attributes
                0x0000000000000300       0x2c CMakeFiles/PraticumII.dir/opt/pico-sdk/src/rp2_common/hardware_watchdog/watchdog.c.obj
 .ARM.attributes
                0x000000000000032c       0x2c CMakeFiles/PraticumII.dir/opt/pico-sdk/src/rp2_common/hardware_xosc/xosc.c.obj
 .ARM.attributes
                0x0000000000000358       0x2c CMakeFiles/PraticumII.dir/opt/pico-sdk/src/rp2_common/pico_printf/printf.c.obj
 .ARM.attributes
                0x0000000000000384       0x22 CMakeFiles/PraticumII.dir/opt/pico-sdk/src/rp2_common/pico_bit_ops/bit_ops_aeabi.S.obj
 .ARM.attributes
                0x00000000000003a6       0x2c CMakeFiles/PraticumII.dir/opt/pico-sdk/src/rp2_common/pico_bootrom/bootrom.c.obj
 .ARM.attributes
                0x00000000000003d2       0x22 CMakeFiles/PraticumII.dir/opt/pico-sdk/src/rp2_common/pico_divider/divider.S.obj
 .ARM.attributes
                0x00000000000003f4       0x22 CMakeFiles/PraticumII.dir/opt/pico-sdk/src/rp2_common/pico_double/double_aeabi.S.obj
 .ARM.attributes
                0x0000000000000416       0x2c CMakeFiles/PraticumII.dir/opt/pico-sdk/src/rp2_common/pico_double/double_init_rom.c.obj
 .ARM.attributes
                0x0000000000000442       0x22 CMakeFiles/PraticumII.dir/opt/pico-sdk/src/rp2_common/pico_double/double_v1_rom_shim.S.obj
 .ARM.attributes
                0x0000000000000464       0x22 CMakeFiles/PraticumII.dir/opt/pico-sdk/src/rp2_common/pico_int64_ops/pico_int64_ops_aeabi.S.obj
 .ARM.attributes
                0x0000000000000486       0x22 CMakeFiles/PraticumII.dir/opt/pico-sdk/src/rp2_common/pico_float/float_aeabi.S.obj
 .ARM.attributes
                0x00000000000004a8       0x2c CMakeFiles/PraticumII.dir/opt/pico-sdk/src/rp2_common/pico_float/float_init_rom.c.obj
 .ARM.attributes
                0x00000000000004d4       0x22 CMakeFiles/PraticumII.dir/opt/pico-sdk/src/rp2_common/pico_float/float_v1_rom_shim.S.obj
 .ARM.attributes
                0x00000000000004f6       0x22 CMakeFiles/PraticumII.dir/opt/pico-sdk/src/rp2_common/pico_mem_ops/mem_ops_aeabi.S.obj
 .ARM.attributes
                0x0000000000000518       0x22 CMakeFiles/PraticumII.dir/opt/pico-sdk/src/rp2_common/pico_standard_link/crt0.S.obj
 .ARM.attributes
                0x000000000000053a       0x2c CMakeFiles/PraticumII.dir/opt/pico-sdk/src/rp2_common/pico_standard_link/binary_info.c.obj
 .ARM.attributes
                0x0000000000000566       0x2c CMakeFiles/PraticumII.dir/opt/pico-sdk/src/rp2_common/pico_stdio/stdio.c.obj
 .ARM.attributes
                0x0000000000000592       0x2c CMakeFiles/PraticumII.dir/opt/pico-sdk/src/rp2_common/pico_stdio_usb/reset_interface.c.obj
 .ARM.attributes
                0x00000000000005be       0x2c CMakeFiles/PraticumII.dir/opt/pico-sdk/src/rp2_common/pico_stdio_usb/stdio_usb.c.obj
 .ARM.attributes
                0x00000000000005ea       0x2c CMakeFiles/PraticumII.dir/opt/pico-sdk/src/rp2_common/pico_stdio_usb/stdio_usb_descriptors.c.obj
 .ARM.attributes
                0x0000000000000616       0x2c CMakeFiles/PraticumII.dir/opt/pico-sdk/lib/tinyusb/src/portable/raspberrypi/rp2040/dcd_rp2040.c.obj
 .ARM.attributes
                0x0000000000000642       0x2c CMakeFiles/PraticumII.dir/opt/pico-sdk/lib/tinyusb/src/portable/raspberrypi/rp2040/rp2040_usb.c.obj
 .ARM.attributes
                0x000000000000066e       0x2c CMakeFiles/PraticumII.dir/opt/pico-sdk/lib/tinyusb/src/device/usbd.c.obj
 .ARM.attributes
                0x000000000000069a       0x2c CMakeFiles/PraticumII.dir/opt/pico-sdk/lib/tinyusb/src/device/usbd_control.c.obj
 .ARM.attributes
                0x00000000000006c6       0x2c CMakeFiles/PraticumII.dir/opt/pico-sdk/lib/tinyusb/src/class/cdc/cdc_device.c.obj
 .ARM.attributes
                0x00000000000006f2       0x2c CMakeFiles/PraticumII.dir/opt/pico-sdk/lib/tinyusb/src/tusb.c.obj
 .ARM.attributes
                0x000000000000071e       0x2c CMakeFiles/PraticumII.dir/opt/pico-sdk/lib/tinyusb/src/common/tusb_fifo.c.obj
 .ARM.attributes
                0x000000000000074a       0x2c CMakeFiles/PraticumII.dir/opt/pico-sdk/src/rp2_common/pico_unique_id/unique_id.c.obj
 .ARM.attributes
                0x0000000000000776       0x2c CMakeFiles/PraticumII.dir/opt/pico-sdk/src/rp2_common/hardware_flash/flash.c.obj
 .ARM.attributes
                0x00000000000007a2       0x2c CMakeFiles/PraticumII.dir/opt/pico-sdk/src/rp2_common/hardware_adc/adc.c.obj
 .ARM.attributes
                0x00000000000007ce       0x22 /tmp/cc9schCe.o
 .ARM.attributes
                0x00000000000007f0       0x1e /opt/gcc-arm-none-eabi/bin/../lib/gcc/arm-none-eabi/10.3.1/thumb/v6-m/nofp/libgcc.a(_dvmd_tls.o)
 .ARM.attributes
                0x000000000000080e       0x2c /opt/gcc-arm-none-eabi/bin/../lib/gcc/arm-none-eabi/10.3.1/../../../../arm-none-eabi/lib/thumb/v6-m/nofp/libc.a(lib_a-strlen-stub.o)

.comment        0x0000000000000000       0x49
 .comment       0x0000000000000000       0x49 CMakeFiles/PraticumII.dir/main.c.obj
                                         0x4a (size before relaxing)
 .comment       0x0000000000000049       0x4a CMakeFiles/PraticumII.dir/opt/pico-sdk/src/rp2_common/hardware_gpio/gpio.c.obj
 .comment       0x0000000000000049       0x4a CMakeFiles/PraticumII.dir/opt/pico-sdk/src/rp2_common/hardware_claim/claim.c.obj
 .comment       0x0000000000000049       0x4a CMakeFiles/PraticumII.dir/opt/pico-sdk/src/rp2_common/pico_platform/platform.c.obj
 .comment       0x0000000000000049       0x4a CMakeFiles/PraticumII.dir/opt/pico-sdk/src/rp2_common/hardware_sync/sync.c.obj
 .comment       0x0000000000000049       0x4a CMakeFiles/PraticumII.dir/opt/pico-sdk/src/rp2_common/hardware_irq/irq.c.obj
 .comment       0x0000000000000049       0x4a CMakeFiles/PraticumII.dir/opt/pico-sdk/src/common/pico_sync/lock_core.c.obj
 .comment       0x0000000000000049       0x4a CMakeFiles/PraticumII.dir/opt/pico-sdk/src/common/pico_time/time.c.obj
 .comment       0x0000000000000049       0x4a CMakeFiles/PraticumII.dir/opt/pico-sdk/src/rp2_common/hardware_timer/timer.c.obj
 .comment       0x0000000000000049       0x4a CMakeFiles/PraticumII.dir/opt/pico-sdk/src/common/pico_util/pheap.c.obj
 .comment       0x0000000000000049       0x4a CMakeFiles/PraticumII.dir/opt/pico-sdk/src/common/pico_sync/mutex.c.obj
 .comment       0x0000000000000049       0x4a CMakeFiles/PraticumII.dir/opt/pico-sdk/src/common/pico_sync/critical_section.c.obj
 .comment       0x0000000000000049       0x4a CMakeFiles/PraticumII.dir/opt/pico-sdk/src/rp2_common/pico_runtime/runtime.c.obj
 .comment       0x0000000000000049       0x4a CMakeFiles/PraticumII.dir/opt/pico-sdk/src/rp2_common/hardware_clocks/clocks.c.obj